[21Jun2025 13:28:34.422] [main/INFO] [cpw.mods.modlauncher.Launcher/MODLAUNCHER]: ModLauncher running: args [--launchTarget, forgeserverdev, --gameDir, ., --fml.fmlVersion, 4.0.39, --fml.mcVersion, 1.21.1, --fml.neoForgeVersion, 21.1.179, --fml.neoFormVersion, 20240808.144430, --nogui]
[21Jun2025 13:28:34.439] [main/INFO] [cpw.mods.modlauncher.Launcher/MODLAUNCHER]: JVM identified as Oracle Corporation Java HotSpot(TM) 64-Bit Server VM 21.0.4+8-LTS-274
[21Jun2025 13:28:34.442] [main/INFO] [cpw.mods.modlauncher.Launcher/MODLAUNCHER]: ModLauncher 11.0.5+main.901c6ea8 starting: java version 21.0.4 by Oracle Corporation; OS Windows 11 arch amd64 version 10.0
[21Jun2025 13:28:34.492] [main/DEBUG] [cpw.mods.modlauncher.LaunchServiceHandler/MODLAUNCHER]: Found launch services [minecraft,forgeclient,forgedatauserdev,testharness,forgeserverdev,forgeserveruserdev,forgejunitdev,forgeclientdev,forgeclientuserdev,forgeserver,forgejunituserdev,forgedatadev]
[21Jun2025 13:28:34.540] [main/DEBUG] [cpw.mods.modlauncher.LaunchPluginHandler/MODLAUNCHER]: Found launch plugins: [mixin,slf4jfixer,runtime_enum_extender,accesstransformer,runtimedistcleaner]
[21Jun2025 13:28:34.555] [main/DEBUG] [cpw.mods.modlauncher.TransformationServicesHandler/MODLAUNCHER]: Discovering transformation services
[21Jun2025 13:28:34.566] [main/DEBUG] [net.neoforged.fml.loading.FMLPaths/CORE]: Path GAMEDIR is A:\Minecraft Mod Development\NeoEssentials\run
[21Jun2025 13:28:34.566] [main/DEBUG] [net.neoforged.fml.loading.FMLPaths/CORE]: Path MODSDIR is A:\Minecraft Mod Development\NeoEssentials\run\mods
[21Jun2025 13:28:34.567] [main/DEBUG] [net.neoforged.fml.loading.FMLPaths/CORE]: Path CONFIGDIR is A:\Minecraft Mod Development\NeoEssentials\run\config
[21Jun2025 13:28:34.567] [main/DEBUG] [net.neoforged.fml.loading.FMLPaths/CORE]: Path FMLCONFIG is A:\Minecraft Mod Development\NeoEssentials\run\config\fml.toml
[21Jun2025 13:28:34.670] [main/DEBUG] [net.neoforged.fml.loading.targets.CommonLaunchHandler/CORE]: Got mod coordinates neoessentials%%A:\Minecraft Mod Development\NeoEssentials\build\classes\java\main;neoessentials%%A:\Minecraft Mod Development\NeoEssentials\build\resources\main from env
[21Jun2025 13:28:34.675] [main/DEBUG] [net.neoforged.fml.loading.targets.CommonLaunchHandler/CORE]: Found supplied mod coordinates [{neoessentials=[A:\Minecraft Mod Development\NeoEssentials\build\classes\java\main, A:\Minecraft Mod Development\NeoEssentials\build\resources\main]}]
[21Jun2025 13:28:34.686] [main/DEBUG] [cpw.mods.modlauncher.TransformationServicesHandler/MODLAUNCHER]: Found additional transformation services from discovery services: 
[21Jun2025 13:28:34.709] [main/INFO] [net.neoforged.fml.loading.ImmediateWindowHandler/]: ImmediateWindowProvider not loading because launch target is forgeserverdev
[21Jun2025 13:28:34.739] [main/DEBUG] [cpw.mods.modlauncher.TransformationServicesHandler/MODLAUNCHER]: Found transformer services : [mixin,fml]
[21Jun2025 13:28:34.741] [main/DEBUG] [cpw.mods.modlauncher.TransformationServicesHandler/MODLAUNCHER]: Transformation services loading
[21Jun2025 13:28:34.744] [main/DEBUG] [cpw.mods.modlauncher.TransformationServiceDecorator/MODLAUNCHER]: Loading service mixin
[21Jun2025 13:28:34.746] [main/DEBUG] [cpw.mods.modlauncher.TransformationServiceDecorator/MODLAUNCHER]: Loaded service mixin
[21Jun2025 13:28:34.747] [main/DEBUG] [cpw.mods.modlauncher.TransformationServiceDecorator/MODLAUNCHER]: Loading service fml
[21Jun2025 13:28:34.752] [main/DEBUG] [net.neoforged.fml.loading.FMLLoader/CORE]: FML 4.0.39 loading
[21Jun2025 13:28:34.754] [main/DEBUG] [net.neoforged.fml.loading.FMLLoader/CORE]: FML found ModLauncher version : 11.0.5+main.901c6ea8
[21Jun2025 13:28:34.755] [main/DEBUG] [net.neoforged.fml.loading.FMLLoader/CORE]: FML found AccessTransformer version : 10.0.1+139da711
[21Jun2025 13:28:34.758] [main/DEBUG] [net.neoforged.fml.loading.FMLLoader/CORE]: FML found EventBus version : null
[21Jun2025 13:28:34.759] [main/DEBUG] [net.neoforged.fml.loading.FMLLoader/CORE]: Found Runtime Dist Cleaner
[21Jun2025 13:28:34.761] [main/DEBUG] [cpw.mods.modlauncher.TransformationServiceDecorator/MODLAUNCHER]: Loaded service fml
[21Jun2025 13:28:34.763] [main/DEBUG] [cpw.mods.modlauncher.TransformationServicesHandler/MODLAUNCHER]: Configuring option handling for services
[21Jun2025 13:28:34.822] [main/DEBUG] [net.neoforged.fml.loading.FMLServiceProvider/CORE]: Received command line version data  : VersionInfo[neoForgeVersion=21.1.179, fmlVersion=4.0.39, mcVersion=1.21.1, neoFormVersion=20240808.144430]
[21Jun2025 13:28:34.822] [main/DEBUG] [cpw.mods.modlauncher.TransformationServicesHandler/MODLAUNCHER]: Transformation services initializing
[21Jun2025 13:28:34.824] [main/DEBUG] [cpw.mods.modlauncher.TransformationServiceDecorator/MODLAUNCHER]: Initializing transformation service mixin
[21Jun2025 13:28:34.855] [main/DEBUG] [mixin/]: MixinService [ModLauncher] was successfully booted in cpw.mods.cl.ModuleClassLoader@53f65459
[21Jun2025 13:28:34.884] [main/INFO] [mixin/]: SpongePowered MIXIN Subsystem Version=0.8.7 Source=union:/C:/Users/swieg/.gradle/caches/modules-2/files-2.1/net.fabricmc/sponge-mixin/0.15.2+mixin.0.8.7/2af2f021d8e02a0220dc27a7a72b4666d66d44ca/sponge-mixin-0.15.2+mixin.0.8.7.jar%2394!/ Service=ModLauncher Env=SERVER
[21Jun2025 13:28:34.889] [main/DEBUG] [mixin/]: Initialising Mixin Platform Manager
[21Jun2025 13:28:34.891] [main/DEBUG] [mixin/]: Adding mixin platform agents for container ModLauncher Root Container(ModLauncher:4f56a0a2)
[21Jun2025 13:28:34.892] [main/DEBUG] [mixin/]: Instancing new MixinPlatformAgentMinecraftForge for ModLauncher Root Container(ModLauncher:4f56a0a2)
[21Jun2025 13:28:34.892] [main/DEBUG] [mixin/]: MixinPlatformAgentMinecraftForge rejected container ModLauncher Root Container(ModLauncher:4f56a0a2)
[21Jun2025 13:28:34.895] [main/DEBUG] [mixin/]: Instancing new MixinPlatformAgentDefault for ModLauncher Root Container(ModLauncher:4f56a0a2)
[21Jun2025 13:28:34.897] [main/DEBUG] [mixin/]: MixinPlatformAgentDefault accepted container ModLauncher Root Container(ModLauncher:4f56a0a2)
[21Jun2025 13:28:34.901] [main/DEBUG] [cpw.mods.modlauncher.TransformationServiceDecorator/MODLAUNCHER]: Initialized transformation service mixin
[21Jun2025 13:28:34.901] [main/DEBUG] [cpw.mods.modlauncher.TransformationServiceDecorator/MODLAUNCHER]: Initializing transformation service fml
[21Jun2025 13:28:34.901] [main/DEBUG] [net.neoforged.fml.loading.FMLServiceProvider/CORE]: Setting up basic FML game directories
[21Jun2025 13:28:34.904] [main/DEBUG] [net.neoforged.fml.loading.FMLPaths/CORE]: Path GAMEDIR is A:\Minecraft Mod Development\NeoEssentials\run
[21Jun2025 13:28:34.905] [main/DEBUG] [net.neoforged.fml.loading.FMLPaths/CORE]: Path MODSDIR is A:\Minecraft Mod Development\NeoEssentials\run\mods
[21Jun2025 13:28:34.905] [main/DEBUG] [net.neoforged.fml.loading.FMLPaths/CORE]: Path CONFIGDIR is A:\Minecraft Mod Development\NeoEssentials\run\config
[21Jun2025 13:28:34.905] [main/DEBUG] [net.neoforged.fml.loading.FMLPaths/CORE]: Path FMLCONFIG is A:\Minecraft Mod Development\NeoEssentials\run\config\fml.toml
[21Jun2025 13:28:34.905] [main/DEBUG] [net.neoforged.fml.loading.FMLServiceProvider/CORE]: Loading configuration
[21Jun2025 13:28:34.916] [main/DEBUG] [net.neoforged.fml.loading.FMLServiceProvider/CORE]: Preparing launch handler
[21Jun2025 13:28:34.917] [main/DEBUG] [net.neoforged.fml.loading.FMLLoader/CORE]: Using forgeserverdev as launch service
[21Jun2025 13:28:34.923] [main/DEBUG] [cpw.mods.modlauncher.TransformationServiceDecorator/MODLAUNCHER]: Initialized transformation service fml
[21Jun2025 13:28:34.923] [main/DEBUG] [cpw.mods.modlauncher.TransformationServicesHandler/MODLAUNCHER]: Transformation services begin scanning
[21Jun2025 13:28:34.925] [main/DEBUG] [cpw.mods.modlauncher.TransformationServiceDecorator/MODLAUNCHER]: Beginning scan trigger - transformation service mixin
[21Jun2025 13:28:34.926] [main/DEBUG] [cpw.mods.modlauncher.TransformationServiceDecorator/MODLAUNCHER]: End scan trigger - transformation service mixin
[21Jun2025 13:28:34.926] [main/DEBUG] [cpw.mods.modlauncher.TransformationServiceDecorator/MODLAUNCHER]: Beginning scan trigger - transformation service fml
[21Jun2025 13:28:34.928] [main/DEBUG] [net.neoforged.fml.loading.FMLServiceProvider/CORE]: Initiating mod scan
[21Jun2025 13:28:34.929] [main/DEBUG] [net.neoforged.fml.loading.targets.CommonLaunchHandler/CORE]: Got mod coordinates neoessentials%%A:\Minecraft Mod Development\NeoEssentials\build\classes\java\main;neoessentials%%A:\Minecraft Mod Development\NeoEssentials\build\resources\main from env
[21Jun2025 13:28:34.931] [main/DEBUG] [net.neoforged.fml.loading.targets.CommonLaunchHandler/CORE]: Found supplied mod coordinates [{neoessentials=[A:\Minecraft Mod Development\NeoEssentials\build\classes\java\main, A:\Minecraft Mod Development\NeoEssentials\build\resources\main]}]
[21Jun2025 13:28:34.934] [main/DEBUG] [net.neoforged.fml.loading.targets.CommonDevLaunchHandler/]: Launching with NeoForge from A:\Minecraft Mod Development\NeoEssentials\build\moddev\artifacts\neoforge-21.1.179.jar
[21Jun2025 13:28:34.964] [main/DEBUG] [net.neoforged.fml.util.ServiceLoaderUtil/CORE]: Found 4 implementations of IModFileCandidateLocator:
[21Jun2025 13:28:34.966] [main/DEBUG] [net.neoforged.fml.util.ServiceLoaderUtil/CORE]: 	       0 - [built-in] net.neoforged.fml.loading.moddiscovery.locators.NeoForgeDevProvider from loader-4.0.39.jar
[21Jun2025 13:28:34.968] [main/DEBUG] [net.neoforged.fml.util.ServiceLoaderUtil/CORE]: 	       0 - net.neoforged.fml.loading.moddiscovery.locators.ModsFolderLocator from loader-4.0.39.jar
[21Jun2025 13:28:34.969] [main/DEBUG] [net.neoforged.fml.util.ServiceLoaderUtil/CORE]: 	       0 - net.neoforged.fml.loading.moddiscovery.locators.MavenDirectoryLocator from loader-4.0.39.jar
[21Jun2025 13:28:34.970] [main/DEBUG] [net.neoforged.fml.util.ServiceLoaderUtil/CORE]: 	   -1000 - [built-in] net.neoforged.fml.loading.moddiscovery.locators.UserdevLocator from loader-4.0.39.jar
[21Jun2025 13:28:34.978] [main/DEBUG] [net.neoforged.fml.util.ServiceLoaderUtil/CORE]: Found 2 implementations of IModFileReader:
[21Jun2025 13:28:34.979] [main/DEBUG] [net.neoforged.fml.util.ServiceLoaderUtil/CORE]: 	       0 - net.neoforged.fml.loading.moddiscovery.readers.JarModsDotTomlModFileReader from loader-4.0.39.jar
[21Jun2025 13:28:34.981] [main/DEBUG] [net.neoforged.fml.util.ServiceLoaderUtil/CORE]: 	   -1000 - net.neoforged.fml.loading.moddiscovery.readers.NestedLibraryModReader from loader-4.0.39.jar
[21Jun2025 13:28:34.987] [main/DEBUG] [net.neoforged.fml.util.ServiceLoaderUtil/CORE]: Found 1 implementations of IDependencyLocator:
[21Jun2025 13:28:34.989] [main/DEBUG] [net.neoforged.fml.util.ServiceLoaderUtil/CORE]: 	       0 - net.neoforged.fml.loading.moddiscovery.locators.JarInJarDependencyLocator from loader-4.0.39.jar
[21Jun2025 13:28:35.102] [main/DEBUG] [net.neoforged.fml.loading.moddiscovery.ModFileInfo/LOADING]: Found valid mod file neoforge-21.1.179.jar with {minecraft} mods - versions {1.21.1}
[21Jun2025 13:28:35.118] [main/DEBUG] [net.neoforged.fml.loading.moddiscovery.ModFileParser/LOADING]: Considering mod file candidate A:\Minecraft Mod Development\NeoEssentials\build\moddev\artifacts\neoforge-21.1.179.jar
[21Jun2025 13:28:35.148] [main/DEBUG] [net.neoforged.fml.loading.moddiscovery.ModFileInfo/LOADING]: Found valid mod file neoforge-21.1.179.jar with {neoforge} mods - versions {21.1.179}
[21Jun2025 13:28:35.154] [main/DEBUG] [net.neoforged.fml.loading.moddiscovery.ModListHandler/CORE]: Found mod coordinates from lists: []
[21Jun2025 13:28:35.159] [main/DEBUG] [net.neoforged.fml.loading.moddiscovery.ModFileParser/LOADING]: Considering mod file candidate A:\Minecraft Mod Development\NeoEssentials\build\classes\java\main
[21Jun2025 13:28:35.171] [main/DEBUG] [net.neoforged.fml.loading.moddiscovery.ModFileInfo/LOADING]: Found valid mod file main with {neoessentials} mods - versions {1.0.0}
[21Jun2025 13:28:35.192] [main/DEBUG] [net.neoforged.fml.loading.moddiscovery.ModFileParser/LOADING]: Considering mod file candidate A:\Minecraft Mod Development\NeoEssentials\build\moddev\artifacts\neoforge-21.1.179.jar
[21Jun2025 13:28:35.195] [main/DEBUG] [net.neoforged.fml.loading.moddiscovery.ModFileInfo/LOADING]: Found valid mod file neoforge-21.1.179.jar with {neoforge} mods - versions {21.1.179}
[21Jun2025 13:28:35.236] [main/DEBUG] [net.neoforged.fml.loading.moddiscovery.ModDiscoverer/]: Skipping C:\Users\swieg\.gradle\caches\modules-2\files-2.1\net.neoforged.fancymodloader\earlydisplay\4.0.39\4388fd457faa6f04f8858d92ead5f33a354693a0\earlydisplay-4.0.39.jar because it was already located earlier
[21Jun2025 13:28:35.236] [main/DEBUG] [net.neoforged.fml.loading.moddiscovery.ModDiscoverer/]: Skipping C:\Users\swieg\.gradle\caches\modules-2\files-2.1\net.neoforged.fancymodloader\loader\4.0.39\3721e43a7254e2861a63ab4a4ce716e4150d2640\loader-4.0.39.jar because it was already located earlier
[21Jun2025 13:28:35.236] [main/DEBUG] [net.neoforged.fml.loading.moddiscovery.ModDiscoverer/]: Skipping C:\Users\swieg\.gradle\caches\modules-2\files-2.1\net.neoforged.accesstransformers\at-modlauncher\10.0.1\5aba50202aceead086bc09fbc2751c9f05cb4890\at-modlauncher-10.0.1.jar because it was already located earlier
[21Jun2025 13:28:35.236] [main/DEBUG] [net.neoforged.fml.loading.moddiscovery.ModDiscoverer/]: Skipping C:\Users\swieg\.gradle\caches\modules-2\files-2.1\net.neoforged\accesstransformers\10.0.1\fd83b5725f76eae9115e9355fa1c456a6a441400\accesstransformers-10.0.1.jar because it was already located earlier
[21Jun2025 13:28:35.236] [main/DEBUG] [net.neoforged.fml.loading.moddiscovery.ModDiscoverer/]: Skipping C:\Users\swieg\.gradle\caches\modules-2\files-2.1\org.slf4j\slf4j-api\2.0.9\7cf2726fdcfbc8610f9a71fb3ed639871f315340\slf4j-api-2.0.9.jar because it was already located earlier
[21Jun2025 13:28:35.241] [main/DEBUG] [net.neoforged.fml.loading.moddiscovery.ModDiscoverer/]: Skipping C:\Users\swieg\.gradle\caches\modules-2\files-2.1\net.neoforged\bus\8.0.2\163c9ef7c4bcca6d850c34e95261b606af91fe06\bus-8.0.2.jar because it was already located earlier
[21Jun2025 13:28:35.242] [main/DEBUG] [net.neoforged.fml.loading.moddiscovery.ModDiscoverer/]: Skipping C:\Users\swieg\.gradle\caches\modules-2\files-2.1\net.neoforged\coremods\7.0.3\9147e6f638b4272b3bd5fc8f92ad37802512c6c\coremods-7.0.3.jar because it was already located earlier
[21Jun2025 13:28:35.242] [main/DEBUG] [net.neoforged.fml.loading.moddiscovery.ModDiscoverer/]: Skipping C:\Users\swieg\.gradle\caches\modules-2\files-2.1\cpw.mods\modlauncher\11.0.5\b8f0d49294f733fdb6173931b263553e943dc950\modlauncher-11.0.5.jar because it was already located earlier
[21Jun2025 13:28:35.242] [main/DEBUG] [net.neoforged.fml.loading.moddiscovery.ModDiscoverer/]: Skipping C:\Users\swieg\.gradle\caches\modules-2\files-2.1\net.neoforged\mergetool\2.0.0\52fe1949be64e3303aabaaa21e315f551db9c9f4\mergetool-2.0.0-api.jar because it was already located earlier
[21Jun2025 13:28:35.242] [main/DEBUG] [net.neoforged.fml.loading.moddiscovery.ModDiscoverer/]: Skipping C:\Users\swieg\.gradle\caches\modules-2\files-2.1\com.electronwill.night-config\toml\3.8.2\c128842f759692f613ea6c3ef0ef052273bbb38c\toml-3.8.2.jar because it was already located earlier
[21Jun2025 13:28:35.244] [main/DEBUG] [net.neoforged.fml.loading.moddiscovery.ModDiscoverer/]: Skipping C:\Users\swieg\.gradle\caches\modules-2\files-2.1\com.electronwill.night-config\core\3.8.2\94eee571e1524129804d08c75f6416a3be380ad4\core-3.8.2.jar because it was already located earlier
[21Jun2025 13:28:35.244] [main/DEBUG] [net.neoforged.fml.loading.moddiscovery.ModDiscoverer/]: Skipping C:\Users\swieg\.gradle\caches\modules-2\files-2.1\net.neoforged\JarJarSelector\0.4.1\fb3cc7a58af22ad2880adb98af6d518128c47dae\JarJarSelector-0.4.1.jar because it was already located earlier
[21Jun2025 13:28:35.244] [main/DEBUG] [net.neoforged.fml.loading.moddiscovery.ModDiscoverer/]: Skipping C:\Users\swieg\.gradle\caches\modules-2\files-2.1\net.neoforged\JarJarMetadata\0.4.1\f8da03683dc81694556dc3e177c5e3bb77ae6fcb\JarJarMetadata-0.4.1.jar because it was already located earlier
[21Jun2025 13:28:35.244] [main/DEBUG] [net.neoforged.fml.loading.moddiscovery.ModDiscoverer/]: Skipping C:\Users\swieg\.gradle\caches\modules-2\files-2.1\org.apache.maven\maven-artifact\3.8.5\4433f50c07debefaed0553bd0068f4f48d449313\maven-artifact-3.8.5.jar because it was already located earlier
[21Jun2025 13:28:35.244] [main/DEBUG] [net.neoforged.fml.loading.moddiscovery.ModDiscoverer/]: Skipping C:\Users\swieg\.gradle\caches\modules-2\files-2.1\net.jodah\typetools\0.6.3\a01aaa6ddaea9ec07ec4f209487b7a46a526283a\typetools-0.6.3.jar because it was already located earlier
[21Jun2025 13:28:35.244] [main/DEBUG] [net.neoforged.fml.loading.moddiscovery.ModDiscoverer/]: Skipping C:\Users\swieg\.gradle\caches\modules-2\files-2.1\net.minecrell\terminalconsoleappender\1.3.0\b562e9bb61235c9520e26282cdee71f8f802d1fc\terminalconsoleappender-1.3.0.jar because it was already located earlier
[21Jun2025 13:28:35.244] [main/DEBUG] [net.neoforged.fml.loading.moddiscovery.ModDiscoverer/]: Skipping C:\Users\swieg\.gradle\caches\modules-2\files-2.1\net.fabricmc\sponge-mixin\0.15.2+mixin.0.8.7\2af2f021d8e02a0220dc27a7a72b4666d66d44ca\sponge-mixin-0.15.2+mixin.0.8.7.jar because it was already located earlier
[21Jun2025 13:28:35.244] [main/DEBUG] [net.neoforged.fml.loading.moddiscovery.ModDiscoverer/]: Skipping C:\Users\swieg\.gradle\caches\modules-2\files-2.1\org.openjdk.nashorn\nashorn-core\15.4\f67f5ffaa5f5130cf6fb9b133da00c7df3b532a5\nashorn-core-15.4.jar because it was already located earlier
[21Jun2025 13:28:35.244] [main/DEBUG] [net.neoforged.fml.loading.moddiscovery.ModDiscoverer/]: Skipping C:\Users\swieg\.gradle\caches\modules-2\files-2.1\org.apache.commons\commons-lang3\3.14.0\1ed471194b02f2c6cb734a0cd6f6f107c673afae\commons-lang3-3.14.0.jar because it was already located earlier
[21Jun2025 13:28:35.245] [main/DEBUG] [net.neoforged.fml.loading.moddiscovery.ModDiscoverer/]: Skipping C:\Users\swieg\.gradle\caches\modules-2\files-2.1\net.sf.jopt-simple\jopt-simple\5.0.4\4fdac2fbe92dfad86aa6e9301736f6b4342a3f5c\jopt-simple-5.0.4.jar because it was already located earlier
[21Jun2025 13:28:35.245] [main/DEBUG] [net.neoforged.fml.loading.moddiscovery.ModDiscoverer/]: Skipping C:\Users\swieg\.gradle\caches\modules-2\files-2.1\commons-io\commons-io\2.15.1\f11560da189ab563a5c8e351941415430e9304ea\commons-io-2.15.1.jar because it was already located earlier
[21Jun2025 13:28:35.245] [main/DEBUG] [net.neoforged.fml.loading.moddiscovery.ModDiscoverer/]: Skipping C:\Users\swieg\.gradle\caches\modules-2\files-2.1\com.mojang\logging\1.2.7\24cb95ffb0e3433fd6e844c04e68009e504ca1c0\logging-1.2.7.jar because it was already located earlier
[21Jun2025 13:28:35.245] [main/DEBUG] [net.neoforged.fml.loading.moddiscovery.ModDiscoverer/]: Skipping C:\Users\swieg\.gradle\caches\modules-2\files-2.1\org.apache.logging.log4j\log4j-slf4j2-impl\2.22.1\d7e6693c2606cb7e7335047d7bb96dec52db5665\log4j-slf4j2-impl-2.22.1.jar because it was already located earlier
[21Jun2025 13:28:35.245] [main/DEBUG] [net.neoforged.fml.loading.moddiscovery.ModDiscoverer/]: Skipping C:\Users\swieg\.gradle\caches\modules-2\files-2.1\org.apache.logging.log4j\log4j-core\2.22.1\7183a25510a02ad00cc6a95d3b3d2a7d3c5a8dc4\log4j-core-2.22.1.jar because it was already located earlier
[21Jun2025 13:28:35.245] [main/DEBUG] [net.neoforged.fml.loading.moddiscovery.ModDiscoverer/]: Skipping C:\Users\swieg\.gradle\caches\modules-2\files-2.1\org.apache.logging.log4j\log4j-api\2.22.1\bea6fede6328fabafd7e68363161a7ea6605abd1\log4j-api-2.22.1.jar because it was already located earlier
[21Jun2025 13:28:35.245] [main/DEBUG] [net.neoforged.fml.loading.moddiscovery.ModDiscoverer/]: Skipping C:\Users\swieg\.gradle\caches\modules-2\files-2.1\com.google.guava\guava\32.1.2-jre\5e64ec7e056456bef3a4bc4c6fdaef71e8ab6318\guava-32.1.2-jre.jar because it was already located earlier
[21Jun2025 13:28:35.245] [main/DEBUG] [net.neoforged.fml.loading.moddiscovery.ModDiscoverer/]: Skipping C:\Users\swieg\.gradle\caches\modules-2\files-2.1\com.google.code.gson\gson\2.10.1\b3add478d4382b78ea20b1671390a858002feb6c\gson-2.10.1.jar because it was already located earlier
[21Jun2025 13:28:35.245] [main/DEBUG] [net.neoforged.fml.loading.moddiscovery.ModDiscoverer/]: Skipping C:\Users\swieg\.gradle\caches\modules-2\files-2.1\org.antlr\antlr4-runtime\4.13.1\17125bae1d965624e265ef49552f6465a2bfa307\antlr4-runtime-4.13.1.jar because it was already located earlier
[21Jun2025 13:28:35.245] [main/DEBUG] [net.neoforged.fml.loading.moddiscovery.ModDiscoverer/]: Skipping C:\Users\swieg\.gradle\caches\modules-2\files-2.1\net.minecraftforge\srgutils\0.4.15\ca408b131759478f164e010fae0d73997e125fb5\srgutils-0.4.15.jar because it was already located earlier
[21Jun2025 13:28:35.247] [main/DEBUG] [net.neoforged.fml.loading.moddiscovery.ModDiscoverer/]: Skipping C:\Users\swieg\.gradle\caches\modules-2\files-2.1\org.codehaus.plexus\plexus-utils\3.3.0\cf43b5391de623b36fe066a21127baef82c64022\plexus-utils-3.3.0.jar because it was already located earlier
[21Jun2025 13:28:35.247] [main/DEBUG] [net.neoforged.fml.loading.moddiscovery.ModDiscoverer/]: Skipping C:\Users\swieg\.gradle\caches\modules-2\files-2.1\org.jline\jline-reader\3.20.0\8f15415b022a25b473e8e16c28ae913186ffb9c4\jline-reader-3.20.0.jar because it was already located earlier
[21Jun2025 13:28:35.247] [main/DEBUG] [net.neoforged.fml.loading.moddiscovery.ModDiscoverer/]: Skipping C:\Users\swieg\.gradle\caches\modules-2\files-2.1\com.machinezoo.noexception\noexception\1.7.1\b65330c98e38a1f915fa54a6e5eca496505e3f0a\noexception-1.7.1.jar because it was already located earlier
[21Jun2025 13:28:35.247] [main/DEBUG] [net.neoforged.fml.loading.moddiscovery.ModDiscoverer/]: Skipping C:\Users\swieg\.gradle\caches\modules-2\files-2.1\com.github.oshi\oshi-core\6.4.10\b1d8ab82d11d92fd639b56d639f8f46f739dd5fa\oshi-core-6.4.10.jar because it was already located earlier
[21Jun2025 13:28:35.247] [main/DEBUG] [net.neoforged.fml.loading.moddiscovery.ModDiscoverer/]: Skipping C:\Users\swieg\.gradle\caches\modules-2\files-2.1\com.google.guava\failureaccess\1.0.1\1dcf1de382a0bf95a3d8b0849546c88bac1292c9\failureaccess-1.0.1.jar because it was already located earlier
[21Jun2025 13:28:35.254] [main/DEBUG] [net.neoforged.fml.loading.moddiscovery.ModDiscoverer/]: Skipping C:\Users\swieg\.gradle\caches\modules-2\files-2.1\com.mojang\authlib\6.0.54\de8bc95660e1b2fe8793fd427a7a10dcec5b3ea7\authlib-6.0.54.jar because it was already located earlier
[21Jun2025 13:28:35.260] [main/DEBUG] [net.neoforged.fml.loading.moddiscovery.ModDiscoverer/]: Skipping C:\Users\swieg\.gradle\caches\modules-2\files-2.1\com.mojang\brigadier\1.3.10\d15b53a14cf20fdcaa98f731af5dda654452c010\brigadier-1.3.10.jar because it was already located earlier
[21Jun2025 13:28:35.260] [main/DEBUG] [net.neoforged.fml.loading.moddiscovery.ModDiscoverer/]: Skipping C:\Users\swieg\.gradle\caches\modules-2\files-2.1\com.mojang\datafixerupper\8.0.16\67d4de6d7f95d89bcf5862995fb854ebaec02a34\datafixerupper-8.0.16.jar because it was already located earlier
[21Jun2025 13:28:35.275] [main/DEBUG] [net.neoforged.fml.loading.moddiscovery.ModDiscoverer/]: Skipping C:\Users\swieg\.gradle\caches\modules-2\files-2.1\io.netty\netty-buffer\4.1.97.Final\f8f3d8644afa5e6e1a40a3a6aeb9d9aa970ecb4f\netty-buffer-4.1.97.Final.jar because it was already located earlier
[21Jun2025 13:28:35.276] [main/DEBUG] [net.neoforged.fml.loading.moddiscovery.ModDiscoverer/]: Skipping C:\Users\swieg\.gradle\caches\modules-2\files-2.1\io.netty\netty-codec\4.1.97.Final\384ba4d75670befbedb45c4d3b497a93639c206d\netty-codec-4.1.97.Final.jar because it was already located earlier
[21Jun2025 13:28:35.276] [main/DEBUG] [net.neoforged.fml.loading.moddiscovery.ModDiscoverer/]: Skipping C:\Users\swieg\.gradle\caches\modules-2\files-2.1\io.netty\netty-common\4.1.97.Final\7cceacaf11df8dc63f23d0fb58e9d4640fc88404\netty-common-4.1.97.Final.jar because it was already located earlier
[21Jun2025 13:28:35.276] [main/DEBUG] [net.neoforged.fml.loading.moddiscovery.ModDiscoverer/]: Skipping C:\Users\swieg\.gradle\caches\modules-2\files-2.1\io.netty\netty-handler\4.1.97.Final\abb86c6906bf512bf2b797a41cd7d2e8d3cd7c36\netty-handler-4.1.97.Final.jar because it was already located earlier
[21Jun2025 13:28:35.276] [main/DEBUG] [net.neoforged.fml.loading.moddiscovery.ModDiscoverer/]: Skipping C:\Users\swieg\.gradle\caches\modules-2\files-2.1\io.netty\netty-resolver\4.1.97.Final\cec8348108dc76c47cf87c669d514be52c922144\netty-resolver-4.1.97.Final.jar because it was already located earlier
[21Jun2025 13:28:35.276] [main/DEBUG] [net.neoforged.fml.loading.moddiscovery.ModDiscoverer/]: Skipping C:\Users\swieg\.gradle\caches\modules-2\files-2.1\io.netty\netty-transport-classes-epoll\4.1.97.Final\795da37ded759e862457a82d9d92c4d39ce8ecee\netty-transport-classes-epoll-4.1.97.Final.jar because it was already located earlier
[21Jun2025 13:28:35.278] [main/DEBUG] [net.neoforged.fml.loading.moddiscovery.ModDiscoverer/]: Skipping C:\Users\swieg\.gradle\caches\modules-2\files-2.1\io.netty\netty-transport-native-unix-common\4.1.97.Final\d469d84265ab70095b01b40886cabdd433b6e664\netty-transport-native-unix-common-4.1.97.Final.jar because it was already located earlier
[21Jun2025 13:28:35.278] [main/DEBUG] [net.neoforged.fml.loading.moddiscovery.ModDiscoverer/]: Skipping C:\Users\swieg\.gradle\caches\modules-2\files-2.1\io.netty\netty-transport\4.1.97.Final\f37380d23c9bb079bc702910833b2fd532c9abd0\netty-transport-4.1.97.Final.jar because it was already located earlier
[21Jun2025 13:28:35.278] [main/DEBUG] [net.neoforged.fml.loading.moddiscovery.ModDiscoverer/]: Skipping C:\Users\swieg\.gradle\caches\modules-2\files-2.1\it.unimi.dsi\fastutil\8.5.12\c24946d46824bd528054bface3231d2ecb7e95e8\fastutil-8.5.12.jar because it was already located earlier
[21Jun2025 13:28:35.278] [main/DEBUG] [net.neoforged.fml.loading.moddiscovery.ModDiscoverer/]: Skipping C:\Users\swieg\.gradle\caches\modules-2\files-2.1\net.java.dev.jna\jna-platform\5.14.0\28934d48aed814f11e4c584da55c49fa7032b31b\jna-platform-5.14.0.jar because it was already located earlier
[21Jun2025 13:28:35.278] [main/DEBUG] [net.neoforged.fml.loading.moddiscovery.ModDiscoverer/]: Skipping C:\Users\swieg\.gradle\caches\modules-2\files-2.1\net.java.dev.jna\jna\5.14.0\67bf3eaea4f0718cb376a181a629e5f88fa1c9dd\jna-5.14.0.jar because it was already located earlier
[21Jun2025 13:28:35.296] [main/DEBUG] [net.neoforged.fml.loading.moddiscovery.ModDiscoverer/]: Skipping C:\Users\swieg\.gradle\caches\modules-2\files-2.1\org.joml\joml\1.10.5\22566d58af70ad3d72308bab63b8339906deb649\joml-1.10.5.jar because it was already located earlier
[21Jun2025 13:28:35.489] [main/DEBUG] [net.neoforged.fml.loading.moddiscovery.ModDiscoverer/]: Skipping C:\Users\swieg\.gradle\caches\modules-2\files-2.1\org.lz4\lz4-java\1.8.0\4b986a99445e49ea5fbf5d149c4b63f6ed6c6780\lz4-java-1.8.0.jar because it was already located earlier
[21Jun2025 13:28:35.490] [main/DEBUG] [net.neoforged.fml.loading.moddiscovery.ModDiscoverer/]: Skipping C:\Users\swieg\.gradle\caches\modules-2\files-2.1\org.jline\jline-terminal\3.20.0\d0ddcc708ddf527a3454c941b7b9225cc83a15ff\jline-terminal-3.20.0.jar because it was already located earlier
[21Jun2025 13:28:35.490] [main/DEBUG] [net.neoforged.fml.loading.moddiscovery.ModDiscoverer/]: Skipping C:\Users\swieg\.gradle\caches\modules-2\files-2.1\com.google.guava\listenablefuture\9999.0-empty-to-avoid-conflict-with-guava\b421526c5f297295adef1c886e5246c39d4ac629\listenablefuture-9999.0-empty-to-avoid-conflict-with-guava.jar because it was already located earlier
[21Jun2025 13:28:35.490] [main/DEBUG] [net.neoforged.fml.loading.moddiscovery.ModDiscoverer/]: Skipping C:\Users\swieg\.gradle\caches\modules-2\files-2.1\com.google.code.findbugs\jsr305\3.0.2\25ea2e8b0c338a877313bd4672d3fe056ea78f0d\jsr305-3.0.2.jar because it was already located earlier
[21Jun2025 13:28:35.490] [main/DEBUG] [net.neoforged.fml.loading.moddiscovery.ModDiscoverer/]: Skipping C:\Users\swieg\.gradle\caches\modules-2\files-2.1\org.checkerframework\checker-qual\3.33.0\de2b60b62da487644fc11f734e73c8b0b431238f\checker-qual-3.33.0.jar because it was already located earlier
[21Jun2025 13:28:35.490] [main/DEBUG] [net.neoforged.fml.loading.moddiscovery.ModDiscoverer/]: Skipping C:\Users\swieg\.gradle\caches\modules-2\files-2.1\com.google.errorprone\error_prone_annotations\2.18.0\89b684257096f548fa39a7df9fdaa409d4d4df91\error_prone_annotations-2.18.0.jar because it was already located earlier
[21Jun2025 13:28:35.490] [main/DEBUG] [net.neoforged.fml.loading.moddiscovery.ModDiscoverer/]: Skipping C:\Users\swieg\.gradle\caches\modules-2\files-2.1\com.google.j2objc\j2objc-annotations\2.8\c85270e307e7b822f1086b93689124b89768e273\j2objc-annotations-2.8.jar because it was already located earlier
[21Jun2025 13:28:35.498] [main/DEBUG] [net.neoforged.fml.loading.UniqueModListBuilder/]: Found 2 mods for first modid neoforge, selecting most recent based on version data
[21Jun2025 13:28:35.499] [main/DEBUG] [net.neoforged.fml.loading.UniqueModListBuilder/]: Selected file neoforge-21.1.179.jar for modid neoforge with version 21.1.179
[21Jun2025 13:28:35.717] [main/INFO] [net.neoforged.fml.loading.moddiscovery.locators.JarInJarDependencyLocator/]: Found 2 dependencies adding them to mods collection
[21Jun2025 13:28:35.719] [main/INFO] [net.neoforged.fml.loading.moddiscovery.ModDiscoverer/]: 
     Mod List:
		Name Version (Mod Id)

		Minecraft 1.21.1 (minecraft)
		NeoEssentials 1.0.0 (neoessentials)
		NeoForge 21.1.179 (neoforge)
[21Jun2025 13:28:35.722] [main/DEBUG] [net.neoforged.fml.loading.moddiscovery.ModFileInfo/LOADING]: Found valid mod file neoforge-21.1.179.jar with {minecraft} mods - versions {1.21.1}
[21Jun2025 13:28:35.729] [main/DEBUG] [net.neoforged.fml.loading.moddiscovery.ModFile/LOADING]: Loading mod file A:\Minecraft Mod Development\NeoEssentials\build\moddev\artifacts\neoforge-21.1.179.jar with languages [LanguageSpec[languageName=minecraft, acceptedVersions=1]]
[21Jun2025 13:28:35.734] [main/DEBUG] [net.neoforged.fml.loading.moddiscovery.ModFileParser/LOADING]: Considering mod file candidate A:\Minecraft Mod Development\NeoEssentials\build\classes\java\main
[21Jun2025 13:28:35.739] [main/DEBUG] [net.neoforged.fml.loading.moddiscovery.ModFileInfo/LOADING]: Found valid mod file main with {neoessentials} mods - versions {1.0.0}
[21Jun2025 13:28:35.740] [main/DEBUG] [net.neoforged.fml.loading.moddiscovery.ModFile/LOADING]: Loading mod file A:\Minecraft Mod Development\NeoEssentials\build\classes\java\main with languages [LanguageSpec[languageName=javafml, acceptedVersions=[1,)]]
[21Jun2025 13:28:35.742] [main/DEBUG] [net.neoforged.fml.loading.moddiscovery.ModFileParser/LOADING]: Considering mod file candidate A:\Minecraft Mod Development\NeoEssentials\build\moddev\artifacts\neoforge-21.1.179.jar
[21Jun2025 13:28:35.749] [main/DEBUG] [net.neoforged.fml.loading.moddiscovery.ModFileInfo/LOADING]: Found valid mod file neoforge-21.1.179.jar with {neoforge} mods - versions {21.1.179}
[21Jun2025 13:28:35.753] [main/DEBUG] [net.neoforged.fml.loading.moddiscovery.ModFile/LOADING]: Loading mod file A:\Minecraft Mod Development\NeoEssentials\build\moddev\artifacts\neoforge-21.1.179.jar with languages [LanguageSpec[languageName=javafml, acceptedVersions=[3,]]]
[21Jun2025 13:28:35.754] [main/DEBUG] [net.neoforged.fml.loading.moddiscovery.ModFile/LOADING]: Found mixin config MixinConfig[config=neoforge.mixins.json, requiredMods=[]]
[21Jun2025 13:28:35.755] [main/DEBUG] [net.neoforged.fml.loading.moddiscovery.ModFile/LOADING]: Loading mod file  with languages []
[21Jun2025 13:28:35.757] [main/DEBUG] [cpw.mods.modlauncher.TransformationServiceDecorator/MODLAUNCHER]: End scan trigger - transformation service fml
[21Jun2025 13:28:35.789] [main/DEBUG] [net.neoforged.fml.util.ServiceLoaderUtil/CORE]: Found 3 implementations of IModLanguageLoader:
[21Jun2025 13:28:35.789] [main/DEBUG] [net.neoforged.fml.util.ServiceLoaderUtil/CORE]: 	net.neoforged.fml.javafmlmod.FMLJavaModLanguageProvider from loader-4.0.39.jar
[21Jun2025 13:28:35.790] [main/DEBUG] [net.neoforged.fml.util.ServiceLoaderUtil/CORE]: 	net.neoforged.fml.lowcodemod.LowCodeModLanguageProvider from loader-4.0.39.jar
[21Jun2025 13:28:35.792] [main/DEBUG] [net.neoforged.fml.util.ServiceLoaderUtil/CORE]: 	net.neoforged.fml.mclanguageprovider.MinecraftModLanguageProvider from loader-4.0.39.jar
[21Jun2025 13:28:35.794] [main/DEBUG] [net.neoforged.fml.loading.LanguageProviderLoader/CORE]: Found language provider javafml, version 4.0.39
[21Jun2025 13:28:35.795] [main/DEBUG] [net.neoforged.fml.loading.LanguageProviderLoader/CORE]: Found language provider lowcodefml, version 4.0.39
[21Jun2025 13:28:35.796] [main/DEBUG] [net.neoforged.fml.loading.LanguageProviderLoader/CORE]: Found language provider minecraft, version 4.0.39
[21Jun2025 13:28:35.806] [main/DEBUG] [net.neoforged.fml.loading.ModSorter/]: Configured system mods: [minecraft, neoforge]
[21Jun2025 13:28:35.806] [main/DEBUG] [net.neoforged.fml.loading.ModSorter/]: Found system mod: minecraft
[21Jun2025 13:28:35.808] [main/DEBUG] [net.neoforged.fml.loading.ModSorter/]: Found system mod: neoforge
[21Jun2025 13:28:35.811] [main/DEBUG] [net.neoforged.fml.loading.ModSorter/LOADING]: Found 2 mod requirements (2 mandatory, 0 optional)
[21Jun2025 13:28:35.812] [main/DEBUG] [net.neoforged.fml.loading.ModSorter/LOADING]: Found 0 mod requirements missing (0 mandatory, 0 optional)
[21Jun2025 13:28:36.027] [main/DEBUG] [mixin/]: Adding mixin platform agents for container net.neoforged.fml.loading.mixin.FMLMixinContainerHandle@489543a6
[21Jun2025 13:28:36.027] [main/DEBUG] [mixin/]: Instancing new MixinPlatformAgentMinecraftForge for net.neoforged.fml.loading.mixin.FMLMixinContainerHandle@489543a6
[21Jun2025 13:28:36.028] [main/DEBUG] [mixin/]: MixinPlatformAgentMinecraftForge rejected container net.neoforged.fml.loading.mixin.FMLMixinContainerHandle@489543a6
[21Jun2025 13:28:36.028] [main/DEBUG] [mixin/]: Instancing new MixinPlatformAgentDefault for net.neoforged.fml.loading.mixin.FMLMixinContainerHandle@489543a6
[21Jun2025 13:28:36.028] [main/DEBUG] [mixin/]: MixinPlatformAgentDefault accepted container net.neoforged.fml.loading.mixin.FMLMixinContainerHandle@489543a6
[21Jun2025 13:28:36.028] [main/DEBUG] [mixin/]: Instancing new FMLMixinPlatformAgent for net.neoforged.fml.loading.mixin.FMLMixinContainerHandle@489543a6
[21Jun2025 13:28:36.029] [main/DEBUG] [mixin/]: FMLMixinPlatformAgent accepted container net.neoforged.fml.loading.mixin.FMLMixinContainerHandle@489543a6
[21Jun2025 13:28:36.044] [main/DEBUG] [cpw.mods.modlauncher.TransformationServicesHandler/MODLAUNCHER]: Transformation services loading transformers
[21Jun2025 13:28:36.045] [main/DEBUG] [cpw.mods.modlauncher.TransformationServiceDecorator/MODLAUNCHER]: Initializing transformers for transformation service mixin
[21Jun2025 13:28:36.048] [main/DEBUG] [cpw.mods.modlauncher.TransformationServiceDecorator/MODLAUNCHER]: Initialized transformers for transformation service mixin
[21Jun2025 13:28:36.049] [main/DEBUG] [cpw.mods.modlauncher.TransformationServiceDecorator/MODLAUNCHER]: Initializing transformers for transformation service fml
[21Jun2025 13:28:36.049] [main/DEBUG] [net.neoforged.fml.loading.FMLServiceProvider/LOADING]: Loading coremod transformers
[21Jun2025 13:28:36.051] [main/DEBUG] [net.neoforged.fml.loading.FMLServiceProvider/CORE]: Not loading coremod script-engine since no mod requested it
[21Jun2025 13:28:36.054] [main/DEBUG] [net.neoforged.fml.util.ServiceLoaderUtil/CORE]: Found 1 implementations of ICoreMod:
[21Jun2025 13:28:36.055] [main/DEBUG] [net.neoforged.fml.util.ServiceLoaderUtil/CORE]: 	net.neoforged.neoforge.coremods.NeoForgeCoreMod from neoforge-21.1.179.jar > net.neoforged.neoforge-coremods-21.1.179.jar
[21Jun2025 13:28:36.072] [main/DEBUG] [net.neoforged.fml.loading.FMLServiceProvider/CORE]: Adding [Target[className=net.minecraft.world.level.biome.Biome, elementName=, elementDescriptor=, targetType=cpw.mods.modlauncher.api.TargetType@49d3c823]] transformer from core-mod net.neoforged.neoforge.coremods.NeoForgeCoreMod@4fe875be in neoforge-21.1.179.jar > net.neoforged.neoforge-coremods-21.1.179.jar
[21Jun2025 13:28:36.072] [main/DEBUG] [net.neoforged.fml.loading.FMLServiceProvider/CORE]: Adding [Target[className=net.minecraft.world.level.levelgen.structure.Structure, elementName=, elementDescriptor=, targetType=cpw.mods.modlauncher.api.TargetType@49d3c823]] transformer from core-mod net.neoforged.neoforge.coremods.NeoForgeCoreMod@4fe875be in neoforge-21.1.179.jar > net.neoforged.neoforge-coremods-21.1.179.jar
[21Jun2025 13:28:36.072] [main/DEBUG] [net.neoforged.fml.loading.FMLServiceProvider/CORE]: Adding [Target[className=net.minecraft.world.level.block.FlowerPotBlock, elementName=, elementDescriptor=, targetType=cpw.mods.modlauncher.api.TargetType@49d3c823]] transformer from core-mod net.neoforged.neoforge.coremods.NeoForgeCoreMod@4fe875be in neoforge-21.1.179.jar > net.neoforged.neoforge-coremods-21.1.179.jar
[21Jun2025 13:28:36.074] [main/DEBUG] [net.neoforged.fml.loading.FMLServiceProvider/CORE]: Adding [Target[className=net/minecraft/world/entity/EntityType, elementName=, elementDescriptor=, targetType=cpw.mods.modlauncher.api.TargetType@49d3c823], Target[className=net/minecraft/world/level/levelgen/structure/templatesystem/StructureTemplate, elementName=, elementDescriptor=, targetType=cpw.mods.modlauncher.api.TargetType@49d3c823], Target[className=net/minecraft/world/entity/monster/Strider, elementName=, elementDescriptor=, targetType=cpw.mods.modlauncher.api.TargetType@49d3c823], Target[className=net/minecraft/world/entity/raid/Raid, elementName=, elementDescriptor=, targetType=cpw.mods.modlauncher.api.TargetType@49d3c823], Target[className=net/minecraft/world/entity/npc/Villager, elementName=, elementDescriptor=, targetType=cpw.mods.modlauncher.api.TargetType@49d3c823], Target[className=net/minecraft/world/entity/animal/frog/Tadpole, elementName=, elementDescriptor=, targetType=cpw.mods.modlauncher.api.TargetType@49d3c823], Target[className=net/minecraft/world/entity/animal/horse/SkeletonTrapGoal, elementName=, elementDescriptor=, targetType=cpw.mods.modlauncher.api.TargetType@49d3c823], Target[className=net/minecraft/world/entity/npc/CatSpawner, elementName=, elementDescriptor=, targetType=cpw.mods.modlauncher.api.TargetType@49d3c823], Target[className=net/minecraft/world/level/levelgen/PhantomSpawner, elementName=, elementDescriptor=, targetType=cpw.mods.modlauncher.api.TargetType@49d3c823], Target[className=net/minecraft/world/entity/monster/Evoker$EvokerSummonSpellGoal, elementName=, elementDescriptor=, targetType=cpw.mods.modlauncher.api.TargetType@49d3c823], Target[className=net/minecraft/world/level/levelgen/PatrolSpawner, elementName=, elementDescriptor=, targetType=cpw.mods.modlauncher.api.TargetType@49d3c823], Target[className=net/minecraft/world/level/levelgen/structure/structures/SwampHutPiece, elementName=, elementDescriptor=, targetType=cpw.mods.modlauncher.api.TargetType@49d3c823], Target[className=net/minecraft/world/level/levelgen/structure/structures/OceanRuinPieces$OceanRuinPiece, elementName=, elementDescriptor=, targetType=cpw.mods.modlauncher.api.TargetType@49d3c823], Target[className=net/minecraft/world/entity/ai/village/VillageSiege, elementName=, elementDescriptor=, targetType=cpw.mods.modlauncher.api.TargetType@49d3c823], Target[className=net/minecraft/server/commands/RaidCommand, elementName=, elementDescriptor=, targetType=cpw.mods.modlauncher.api.TargetType@49d3c823], Target[className=net/minecraft/server/commands/SummonCommand, elementName=, elementDescriptor=, targetType=cpw.mods.modlauncher.api.TargetType@49d3c823], Target[className=net/minecraft/world/level/levelgen/structure/structures/WoodlandMansionPieces$WoodlandMansionPiece, elementName=, elementDescriptor=, targetType=cpw.mods.modlauncher.api.TargetType@49d3c823], Target[className=net/minecraft/world/level/levelgen/structure/structures/OceanMonumentPieces$OceanMonumentPiece, elementName=, elementDescriptor=, targetType=cpw.mods.modlauncher.api.TargetType@49d3c823], Target[className=net/minecraft/world/entity/monster/ZombieVillager, elementName=, elementDescriptor=, targetType=cpw.mods.modlauncher.api.TargetType@49d3c823], Target[className=net/minecraft/world/entity/monster/Zombie, elementName=, elementDescriptor=, targetType=cpw.mods.modlauncher.api.TargetType@49d3c823], Target[className=net/minecraft/world/level/NaturalSpawner, elementName=, elementDescriptor=, targetType=cpw.mods.modlauncher.api.TargetType@49d3c823], Target[className=net/minecraft/world/entity/monster/Spider, elementName=, elementDescriptor=, targetType=cpw.mods.modlauncher.api.TargetType@49d3c823]] transformer from core-mod net.neoforged.neoforge.coremods.NeoForgeCoreMod@4fe875be in neoforge-21.1.179.jar > net.neoforged.neoforge-coremods-21.1.179.jar
[21Jun2025 13:28:36.079] [main/DEBUG] [cpw.mods.modlauncher.TransformStore/MODLAUNCHER]: Adding transformer net.neoforged.neoforge.coremods.ReplaceFieldWithGetterAccess@22d1886d to Target : cpw.mods.modlauncher.api.TargetType@49d3c823 {Lnet/minecraft/world/level/biome/Biome;} {} {V}
[21Jun2025 13:28:36.082] [main/DEBUG] [cpw.mods.modlauncher.TransformStore/MODLAUNCHER]: Adding transformer net.neoforged.neoforge.coremods.ReplaceFieldWithGetterAccess@748fe51d to Target : cpw.mods.modlauncher.api.TargetType@49d3c823 {Lnet/minecraft/world/level/levelgen/structure/Structure;} {} {V}
[21Jun2025 13:28:36.084] [main/DEBUG] [cpw.mods.modlauncher.TransformStore/MODLAUNCHER]: Adding transformer net.neoforged.neoforge.coremods.ReplaceFieldWithGetterAccess@415156bf to Target : cpw.mods.modlauncher.api.TargetType@49d3c823 {Lnet/minecraft/world/level/block/FlowerPotBlock;} {} {V}
[21Jun2025 13:28:36.085] [main/DEBUG] [cpw.mods.modlauncher.TransformStore/MODLAUNCHER]: Adding transformer net.neoforged.neoforge.coremods.MethodRedirector@393881f0 to Target : cpw.mods.modlauncher.api.TargetType@49d3c823 {Lnet/minecraft/world/entity/EntityType;} {} {V}
[21Jun2025 13:28:36.085] [main/DEBUG] [cpw.mods.modlauncher.TransformStore/MODLAUNCHER]: Adding transformer net.neoforged.neoforge.coremods.MethodRedirector@393881f0 to Target : cpw.mods.modlauncher.api.TargetType@49d3c823 {Lnet/minecraft/world/level/levelgen/structure/templatesystem/StructureTemplate;} {} {V}
[21Jun2025 13:28:36.087] [main/DEBUG] [cpw.mods.modlauncher.TransformStore/MODLAUNCHER]: Adding transformer net.neoforged.neoforge.coremods.MethodRedirector@393881f0 to Target : cpw.mods.modlauncher.api.TargetType@49d3c823 {Lnet/minecraft/world/entity/monster/Strider;} {} {V}
[21Jun2025 13:28:36.087] [main/DEBUG] [cpw.mods.modlauncher.TransformStore/MODLAUNCHER]: Adding transformer net.neoforged.neoforge.coremods.MethodRedirector@393881f0 to Target : cpw.mods.modlauncher.api.TargetType@49d3c823 {Lnet/minecraft/world/entity/raid/Raid;} {} {V}
[21Jun2025 13:28:36.087] [main/DEBUG] [cpw.mods.modlauncher.TransformStore/MODLAUNCHER]: Adding transformer net.neoforged.neoforge.coremods.MethodRedirector@393881f0 to Target : cpw.mods.modlauncher.api.TargetType@49d3c823 {Lnet/minecraft/world/entity/npc/Villager;} {} {V}
[21Jun2025 13:28:36.087] [main/DEBUG] [cpw.mods.modlauncher.TransformStore/MODLAUNCHER]: Adding transformer net.neoforged.neoforge.coremods.MethodRedirector@393881f0 to Target : cpw.mods.modlauncher.api.TargetType@49d3c823 {Lnet/minecraft/world/entity/animal/frog/Tadpole;} {} {V}
[21Jun2025 13:28:36.088] [main/DEBUG] [cpw.mods.modlauncher.TransformStore/MODLAUNCHER]: Adding transformer net.neoforged.neoforge.coremods.MethodRedirector@393881f0 to Target : cpw.mods.modlauncher.api.TargetType@49d3c823 {Lnet/minecraft/world/entity/animal/horse/SkeletonTrapGoal;} {} {V}
[21Jun2025 13:28:36.089] [main/DEBUG] [cpw.mods.modlauncher.TransformStore/MODLAUNCHER]: Adding transformer net.neoforged.neoforge.coremods.MethodRedirector@393881f0 to Target : cpw.mods.modlauncher.api.TargetType@49d3c823 {Lnet/minecraft/world/entity/npc/CatSpawner;} {} {V}
[21Jun2025 13:28:36.089] [main/DEBUG] [cpw.mods.modlauncher.TransformStore/MODLAUNCHER]: Adding transformer net.neoforged.neoforge.coremods.MethodRedirector@393881f0 to Target : cpw.mods.modlauncher.api.TargetType@49d3c823 {Lnet/minecraft/world/level/levelgen/PhantomSpawner;} {} {V}
[21Jun2025 13:28:36.091] [main/DEBUG] [cpw.mods.modlauncher.TransformStore/MODLAUNCHER]: Adding transformer net.neoforged.neoforge.coremods.MethodRedirector@393881f0 to Target : cpw.mods.modlauncher.api.TargetType@49d3c823 {Lnet/minecraft/world/entity/monster/Evoker$EvokerSummonSpellGoal;} {} {V}
[21Jun2025 13:28:36.091] [main/DEBUG] [cpw.mods.modlauncher.TransformStore/MODLAUNCHER]: Adding transformer net.neoforged.neoforge.coremods.MethodRedirector@393881f0 to Target : cpw.mods.modlauncher.api.TargetType@49d3c823 {Lnet/minecraft/world/level/levelgen/PatrolSpawner;} {} {V}
[21Jun2025 13:28:36.091] [main/DEBUG] [cpw.mods.modlauncher.TransformStore/MODLAUNCHER]: Adding transformer net.neoforged.neoforge.coremods.MethodRedirector@393881f0 to Target : cpw.mods.modlauncher.api.TargetType@49d3c823 {Lnet/minecraft/world/level/levelgen/structure/structures/SwampHutPiece;} {} {V}
[21Jun2025 13:28:36.091] [main/DEBUG] [cpw.mods.modlauncher.TransformStore/MODLAUNCHER]: Adding transformer net.neoforged.neoforge.coremods.MethodRedirector@393881f0 to Target : cpw.mods.modlauncher.api.TargetType@49d3c823 {Lnet/minecraft/world/level/levelgen/structure/structures/OceanRuinPieces$OceanRuinPiece;} {} {V}
[21Jun2025 13:28:36.091] [main/DEBUG] [cpw.mods.modlauncher.TransformStore/MODLAUNCHER]: Adding transformer net.neoforged.neoforge.coremods.MethodRedirector@393881f0 to Target : cpw.mods.modlauncher.api.TargetType@49d3c823 {Lnet/minecraft/world/entity/ai/village/VillageSiege;} {} {V}
[21Jun2025 13:28:36.093] [main/DEBUG] [cpw.mods.modlauncher.TransformStore/MODLAUNCHER]: Adding transformer net.neoforged.neoforge.coremods.MethodRedirector@393881f0 to Target : cpw.mods.modlauncher.api.TargetType@49d3c823 {Lnet/minecraft/server/commands/RaidCommand;} {} {V}
[21Jun2025 13:28:36.093] [main/DEBUG] [cpw.mods.modlauncher.TransformStore/MODLAUNCHER]: Adding transformer net.neoforged.neoforge.coremods.MethodRedirector@393881f0 to Target : cpw.mods.modlauncher.api.TargetType@49d3c823 {Lnet/minecraft/server/commands/SummonCommand;} {} {V}
[21Jun2025 13:28:36.093] [main/DEBUG] [cpw.mods.modlauncher.TransformStore/MODLAUNCHER]: Adding transformer net.neoforged.neoforge.coremods.MethodRedirector@393881f0 to Target : cpw.mods.modlauncher.api.TargetType@49d3c823 {Lnet/minecraft/world/level/levelgen/structure/structures/WoodlandMansionPieces$WoodlandMansionPiece;} {} {V}
[21Jun2025 13:28:36.093] [main/DEBUG] [cpw.mods.modlauncher.TransformStore/MODLAUNCHER]: Adding transformer net.neoforged.neoforge.coremods.MethodRedirector@393881f0 to Target : cpw.mods.modlauncher.api.TargetType@49d3c823 {Lnet/minecraft/world/level/levelgen/structure/structures/OceanMonumentPieces$OceanMonumentPiece;} {} {V}
[21Jun2025 13:28:36.093] [main/DEBUG] [cpw.mods.modlauncher.TransformStore/MODLAUNCHER]: Adding transformer net.neoforged.neoforge.coremods.MethodRedirector@393881f0 to Target : cpw.mods.modlauncher.api.TargetType@49d3c823 {Lnet/minecraft/world/entity/monster/ZombieVillager;} {} {V}
[21Jun2025 13:28:36.094] [main/DEBUG] [cpw.mods.modlauncher.TransformStore/MODLAUNCHER]: Adding transformer net.neoforged.neoforge.coremods.MethodRedirector@393881f0 to Target : cpw.mods.modlauncher.api.TargetType@49d3c823 {Lnet/minecraft/world/entity/monster/Zombie;} {} {V}
[21Jun2025 13:28:36.094] [main/DEBUG] [cpw.mods.modlauncher.TransformStore/MODLAUNCHER]: Adding transformer net.neoforged.neoforge.coremods.MethodRedirector@393881f0 to Target : cpw.mods.modlauncher.api.TargetType@49d3c823 {Lnet/minecraft/world/level/NaturalSpawner;} {} {V}
[21Jun2025 13:28:36.094] [main/DEBUG] [cpw.mods.modlauncher.TransformStore/MODLAUNCHER]: Adding transformer net.neoforged.neoforge.coremods.MethodRedirector@393881f0 to Target : cpw.mods.modlauncher.api.TargetType@49d3c823 {Lnet/minecraft/world/entity/monster/Spider;} {} {V}
[21Jun2025 13:28:36.094] [main/DEBUG] [cpw.mods.modlauncher.TransformationServiceDecorator/MODLAUNCHER]: Initialized transformers for transformation service fml
[21Jun2025 13:28:36.970] [main/DEBUG] [mixin/]: Processing prepare() for PlatformAgent[MixinPlatformAgentDefault:ModLauncher Root Container(ModLauncher:4f56a0a2)]
[21Jun2025 13:28:36.972] [main/DEBUG] [mixin/]: Processing prepare() for PlatformAgent[MixinPlatformAgentDefault:net.neoforged.fml.loading.mixin.FMLMixinContainerHandle@489543a6]
[21Jun2025 13:28:36.972] [main/DEBUG] [mixin/]: Processing prepare() for PlatformAgent[FMLMixinPlatformAgent:null]
[21Jun2025 13:28:37.131] [main/DEBUG] [mixin/]: Processing launch tasks for PlatformAgent[MixinPlatformAgentDefault:ModLauncher Root Container(ModLauncher:4f56a0a2)]
[21Jun2025 13:28:37.131] [main/DEBUG] [mixin/]: Adding mixin platform agents for container SecureJarResource(mixin_synthetic)
[21Jun2025 13:28:37.133] [main/DEBUG] [mixin/]: Instancing new MixinPlatformAgentMinecraftForge for SecureJarResource(mixin_synthetic)
[21Jun2025 13:28:37.133] [main/DEBUG] [mixin/]: MixinPlatformAgentMinecraftForge rejected container SecureJarResource(mixin_synthetic)
[21Jun2025 13:28:37.134] [main/DEBUG] [mixin/]: Instancing new MixinPlatformAgentDefault for SecureJarResource(mixin_synthetic)
[21Jun2025 13:28:37.134] [main/DEBUG] [mixin/]: MixinPlatformAgentDefault accepted container SecureJarResource(mixin_synthetic)
[21Jun2025 13:28:37.136] [main/DEBUG] [mixin/]: Instancing new FMLMixinPlatformAgent for SecureJarResource(mixin_synthetic)
[21Jun2025 13:28:37.138] [main/DEBUG] [mixin/]: FMLMixinPlatformAgent rejected container SecureJarResource(mixin_synthetic)
[21Jun2025 13:28:37.139] [main/DEBUG] [mixin/]: Processing prepare() for PlatformAgent[MixinPlatformAgentDefault:SecureJarResource(mixin_synthetic)]
[21Jun2025 13:28:37.139] [main/DEBUG] [mixin/]: Adding mixin platform agents for container SecureJarResource(minecraft)
[21Jun2025 13:28:37.139] [main/DEBUG] [mixin/]: Instancing new MixinPlatformAgentMinecraftForge for SecureJarResource(minecraft)
[21Jun2025 13:28:37.139] [main/DEBUG] [mixin/]: MixinPlatformAgentMinecraftForge rejected container SecureJarResource(minecraft)
[21Jun2025 13:28:37.139] [main/DEBUG] [mixin/]: Instancing new MixinPlatformAgentDefault for SecureJarResource(minecraft)
[21Jun2025 13:28:37.141] [main/DEBUG] [mixin/]: MixinPlatformAgentDefault accepted container SecureJarResource(minecraft)
[21Jun2025 13:28:37.143] [main/DEBUG] [mixin/]: Instancing new FMLMixinPlatformAgent for SecureJarResource(minecraft)
[21Jun2025 13:28:37.144] [main/DEBUG] [mixin/]: FMLMixinPlatformAgent rejected container SecureJarResource(minecraft)
[21Jun2025 13:28:37.146] [main/DEBUG] [mixin/]: Processing prepare() for PlatformAgent[MixinPlatformAgentDefault:SecureJarResource(minecraft)]
[21Jun2025 13:28:37.147] [main/DEBUG] [mixin/]: Adding mixin platform agents for container SecureJarResource(neoessentials)
[21Jun2025 13:28:37.149] [main/DEBUG] [mixin/]: Instancing new MixinPlatformAgentMinecraftForge for SecureJarResource(neoessentials)
[21Jun2025 13:28:37.149] [main/DEBUG] [mixin/]: MixinPlatformAgentMinecraftForge rejected container SecureJarResource(neoessentials)
[21Jun2025 13:28:37.149] [main/DEBUG] [mixin/]: Instancing new MixinPlatformAgentDefault for SecureJarResource(neoessentials)
[21Jun2025 13:28:37.151] [main/DEBUG] [mixin/]: MixinPlatformAgentDefault accepted container SecureJarResource(neoessentials)
[21Jun2025 13:28:37.151] [main/DEBUG] [mixin/]: Instancing new FMLMixinPlatformAgent for SecureJarResource(neoessentials)
[21Jun2025 13:28:37.151] [main/DEBUG] [mixin/]: FMLMixinPlatformAgent rejected container SecureJarResource(neoessentials)
[21Jun2025 13:28:37.151] [main/DEBUG] [mixin/]: Processing prepare() for PlatformAgent[MixinPlatformAgentDefault:SecureJarResource(neoessentials)]
[21Jun2025 13:28:37.151] [main/DEBUG] [mixin/]: Adding mixin platform agents for container SecureJarResource(mixinextras.neoforge)
[21Jun2025 13:28:37.153] [main/DEBUG] [mixin/]: Instancing new MixinPlatformAgentMinecraftForge for SecureJarResource(mixinextras.neoforge)
[21Jun2025 13:28:37.157] [main/DEBUG] [mixin/]: MixinPlatformAgentMinecraftForge rejected container SecureJarResource(mixinextras.neoforge)
[21Jun2025 13:28:37.157] [main/DEBUG] [mixin/]: Instancing new MixinPlatformAgentDefault for SecureJarResource(mixinextras.neoforge)
[21Jun2025 13:28:37.158] [main/DEBUG] [mixin/]: MixinPlatformAgentDefault accepted container SecureJarResource(mixinextras.neoforge)
[21Jun2025 13:28:37.159] [main/DEBUG] [mixin/]: Instancing new FMLMixinPlatformAgent for SecureJarResource(mixinextras.neoforge)
[21Jun2025 13:28:37.159] [main/DEBUG] [mixin/]: FMLMixinPlatformAgent rejected container SecureJarResource(mixinextras.neoforge)
[21Jun2025 13:28:37.159] [main/DEBUG] [mixin/]: Processing prepare() for PlatformAgent[MixinPlatformAgentDefault:SecureJarResource(mixinextras.neoforge)]
[21Jun2025 13:28:37.159] [main/DEBUG] [mixin/]: Registering mixin config: mixinextras.init.mixins.json source=SecureJarResource(mixinextras.neoforge)
[21Jun2025 13:28:37.164] [main/DEBUG] [mixin/]: inject() running with 6 agents
[21Jun2025 13:28:37.167] [main/DEBUG] [mixin/]: Processing inject() for PlatformAgent[MixinPlatformAgentDefault:ModLauncher Root Container(ModLauncher:4f56a0a2)]
[21Jun2025 13:28:37.167] [main/DEBUG] [mixin/]: Processing inject() for PlatformAgent[MixinPlatformAgentDefault:net.neoforged.fml.loading.mixin.FMLMixinContainerHandle@489543a6]
[21Jun2025 13:28:37.170] [main/DEBUG] [mixin/]: Processing inject() for PlatformAgent[FMLMixinPlatformAgent:null]
[21Jun2025 13:28:37.172] [main/DEBUG] [mixin/]: Processing inject() for PlatformAgent[MixinPlatformAgentDefault:SecureJarResource(mixin_synthetic)]
[21Jun2025 13:28:37.172] [main/DEBUG] [mixin/]: Processing inject() for PlatformAgent[MixinPlatformAgentDefault:SecureJarResource(minecraft)]
[21Jun2025 13:28:37.173] [main/DEBUG] [mixin/]: Processing inject() for PlatformAgent[MixinPlatformAgentDefault:SecureJarResource(neoessentials)]
[21Jun2025 13:28:37.173] [main/DEBUG] [mixin/]: Processing inject() for PlatformAgent[MixinPlatformAgentDefault:SecureJarResource(mixinextras.neoforge)]
[21Jun2025 13:28:37.175] [main/INFO] [cpw.mods.modlauncher.LaunchServiceHandler/MODLAUNCHER]: Launching target 'forgeserverdev' with arguments [--gameDir, ., --nogui]
[21Jun2025 13:28:37.375] [main/DEBUG] [mixin/]: Preparing mixins for MixinEnvironment[DEFAULT]
[21Jun2025 13:28:37.376] [main/DEBUG] [mixin/]: Selecting config neoforge.mixins.json
[21Jun2025 13:28:37.392] [main/DEBUG] [mixin/]: Selecting config mixinextras.init.mixins.json
[21Jun2025 13:28:37.500] [main/DEBUG] [MixinExtras|Service/]: com.llamalad7.mixinextras.service.MixinExtrasServiceImpl(version=0.4.1) is taking over from null
[21Jun2025 13:28:37.612] [main/DEBUG] [mixin/]: Registering new injector for @Inject with org.spongepowered.asm.mixin.injection.struct.CallbackInjectionInfo
[21Jun2025 13:28:37.618] [main/DEBUG] [mixin/]: Registering new injector for @ModifyArg with org.spongepowered.asm.mixin.injection.struct.ModifyArgInjectionInfo
[21Jun2025 13:28:37.622] [main/DEBUG] [mixin/]: Registering new injector for @ModifyArgs with org.spongepowered.asm.mixin.injection.struct.ModifyArgsInjectionInfo
[21Jun2025 13:28:37.626] [main/DEBUG] [mixin/]: Registering new injector for @Redirect with org.spongepowered.asm.mixin.injection.struct.RedirectInjectionInfo
[21Jun2025 13:28:37.631] [main/DEBUG] [mixin/]: Registering new injector for @ModifyVariable with org.spongepowered.asm.mixin.injection.struct.ModifyVariableInjectionInfo
[21Jun2025 13:28:37.635] [main/DEBUG] [mixin/]: Registering new injector for @ModifyConstant with org.spongepowered.asm.mixin.injection.struct.ModifyConstantInjectionInfo
[21Jun2025 13:28:37.671] [main/DEBUG] [mixin/]: Preparing neoforge.mixins.json (2)
[21Jun2025 13:28:37.806] [main/DEBUG] [mixin/]: Preparing mixinextras.init.mixins.json (0)
[21Jun2025 13:28:37.826] [main/DEBUG] [mixin/]: Prepared 2 mixins in 0.443 sec (221.5ms avg) (0ms load, 0ms transform, 0ms plugin)
[21Jun2025 13:28:37.882] [main/DEBUG] [io.netty.util.internal.logging.InternalLoggerFactory/]: Using SLF4J as the default logging framework
[21Jun2025 13:28:37.896] [main/DEBUG] [io.netty.util.ResourceLeakDetector/]: -Dio.netty.leakDetection.level: simple
[21Jun2025 13:28:37.896] [main/DEBUG] [io.netty.util.ResourceLeakDetector/]: -Dio.netty.leakDetection.targetRecords: 4
[21Jun2025 13:28:38.527] [main/DEBUG] [oshi.util.FileUtil/]: No oshi.properties file found from ClassLoader cpw.mods.modlauncher.TransformingClassLoader@5e39850
[21Jun2025 13:28:39.478] [main/DEBUG] [oshi.util.FileUtil/]: No oshi.architecture.properties file found from ClassLoader cpw.mods.modlauncher.TransformingClassLoader@5e39850
[21Jun2025 13:28:39.701] [main/WARN] [oshi.driver.windows.perfmon.PerfmonDisabled/]: Invalid registry value type detected for PerfOS counters. Should be REG_DWORD. Ignoring: HKEY_LOCAL_MACHINE\SYSTEM\CurrentControlSet\Services\PerfOS\Performance\Disable Performance Counters.
[21Jun2025 13:28:40.272] [main/INFO] [MixinExtras|Service/]: Initializing MixinExtras via com.llamalad7.mixinextras.service.MixinExtrasServiceImpl(version=0.4.1).
[21Jun2025 13:28:40.276] [main/DEBUG] [mixin/]: Registering new injector for @SugarWrapper with com.llamalad7.mixinextras.sugar.impl.SugarWrapperInjectionInfo
[21Jun2025 13:28:40.277] [main/DEBUG] [mixin/]: Registering new injector for @FactoryRedirectWrapper with com.llamalad7.mixinextras.wrapper.factory.FactoryRedirectWrapperInjectionInfo
[21Jun2025 13:28:40.285] [main/DEBUG] [mixin/]: Mixing MappedRegistryAccessor from neoforge.mixins.json into net.minecraft.core.MappedRegistry
[21Jun2025 13:28:40.292] [main/DEBUG] [mixin/]: neoforge.mixins.json:MappedRegistryAccessor from mod neoforge: Class version 65 required is higher than the class version supported by the current version of Mixin (JAVA_16 supports class version 60)
[21Jun2025 13:28:42.175] [main/DEBUG] [mixin/]: Mixing BlockEntityTypeAccessor from neoforge.mixins.json into net.minecraft.world.level.block.entity.BlockEntityType
[21Jun2025 13:28:42.176] [main/DEBUG] [mixin/]: neoforge.mixins.json:BlockEntityTypeAccessor from mod neoforge: Class version 65 required is higher than the class version supported by the current version of Mixin (JAVA_16 supports class version 60)
[21Jun2025 13:28:44.172] [main/DEBUG] [io.netty.util.internal.PlatformDependent0/]: -Dio.netty.noUnsafe: false
[21Jun2025 13:28:44.173] [main/DEBUG] [io.netty.util.internal.PlatformDependent0/]: Java version: 21
[21Jun2025 13:28:44.175] [main/DEBUG] [io.netty.util.internal.PlatformDependent0/]: sun.misc.Unsafe.theUnsafe: available
[21Jun2025 13:28:44.176] [main/DEBUG] [io.netty.util.internal.PlatformDependent0/]: sun.misc.Unsafe.copyMemory: available
[21Jun2025 13:28:44.176] [main/DEBUG] [io.netty.util.internal.PlatformDependent0/]: sun.misc.Unsafe.storeFence: available
[21Jun2025 13:28:44.178] [main/DEBUG] [io.netty.util.internal.PlatformDependent0/]: java.nio.Buffer.address: available
[21Jun2025 13:28:44.179] [main/DEBUG] [io.netty.util.internal.PlatformDependent0/]: direct buffer constructor: unavailable: Reflective setAccessible(true) disabled
[21Jun2025 13:28:44.181] [main/DEBUG] [io.netty.util.internal.PlatformDependent0/]: java.nio.Bits.unaligned: available, true
[21Jun2025 13:28:44.182] [main/DEBUG] [io.netty.util.internal.PlatformDependent0/]: jdk.internal.misc.Unsafe.allocateUninitializedArray(int): unavailable: class io.netty.util.internal.PlatformDependent0$7 (in module io.netty.common) cannot access class jdk.internal.misc.Unsafe (in module java.base) because module java.base does not export jdk.internal.misc to module io.netty.common
[21Jun2025 13:28:44.184] [main/DEBUG] [io.netty.util.internal.PlatformDependent0/]: java.nio.DirectByteBuffer.<init>(long, {int,long}): unavailable
[21Jun2025 13:28:44.184] [main/DEBUG] [io.netty.util.internal.PlatformDependent/]: sun.misc.Unsafe: available
[21Jun2025 13:28:44.186] [main/DEBUG] [io.netty.util.internal.PlatformDependent/]: maxDirectMemory: 8539602944 bytes (maybe)
[21Jun2025 13:28:44.186] [main/DEBUG] [io.netty.util.internal.PlatformDependent/]: -Dio.netty.tmpdir: C:\Users\swieg\AppData\Local\Temp (java.io.tmpdir)
[21Jun2025 13:28:44.186] [main/DEBUG] [io.netty.util.internal.PlatformDependent/]: -Dio.netty.bitMode: 64 (sun.arch.data.model)
[21Jun2025 13:28:44.186] [main/DEBUG] [io.netty.util.internal.PlatformDependent/]: Platform: Windows
[21Jun2025 13:28:44.187] [main/DEBUG] [io.netty.util.internal.PlatformDependent/]: -Dio.netty.maxDirectMemory: -1 bytes
[21Jun2025 13:28:44.187] [main/DEBUG] [io.netty.util.internal.PlatformDependent/]: -Dio.netty.uninitializedArrayAllocationThreshold: -1
[21Jun2025 13:28:44.190] [main/DEBUG] [io.netty.util.internal.CleanerJava9/]: java.nio.ByteBuffer.cleaner(): available
[21Jun2025 13:28:44.192] [main/DEBUG] [io.netty.util.internal.PlatformDependent/]: -Dio.netty.noPreferDirect: false
[21Jun2025 13:28:49.656] [main/WARN] [net.minecraft.commands.Commands/]: Ambiguity between arguments [teleport, location] and [teleport, destination] with inputs: [0.1 -0.5 .9, 0 0 0]
[21Jun2025 13:28:49.659] [main/WARN] [net.minecraft.commands.Commands/]: Ambiguity between arguments [teleport, location] and [teleport, targets] with inputs: [0.1 -0.5 .9, 0 0 0]
[21Jun2025 13:28:49.665] [main/WARN] [net.minecraft.commands.Commands/]: Ambiguity between arguments [teleport, destination] and [teleport, targets] with inputs: [Player, 0123, @e, dd12be42-52a9-4a91-a8a1-11c01849e498]
[21Jun2025 13:28:49.668] [main/WARN] [net.minecraft.commands.Commands/]: Ambiguity between arguments [teleport, targets] and [teleport, destination] with inputs: [Player, 0123, dd12be42-52a9-4a91-a8a1-11c01849e498]
[21Jun2025 13:28:49.669] [main/WARN] [net.minecraft.commands.Commands/]: Ambiguity between arguments [teleport, targets, location] and [teleport, targets, destination] with inputs: [0.1 -0.5 .9, 0 0 0]
[21Jun2025 13:28:49.724] [main/DEBUG] [net.neoforged.fml.ModWorkManager/LOADING]: Using 12 threads for parallel mod-loading
[21Jun2025 13:28:49.749] [main/DEBUG] [net.neoforged.fml.javafmlmod.FMLModContainer/LOADING]: Creating FMLModContainer instance for [com.zerog.neoessentials.NeoEssentials]
[21Jun2025 13:28:49.756] [main/DEBUG] [net.neoforged.fml.javafmlmod.FMLModContainer/LOADING]: Creating FMLModContainer instance for [net.neoforged.neoforge.common.NeoForgeMod]
[21Jun2025 13:28:49.804] [modloading-worker-0/INFO] [com.zerog.neoessentials.NeoEssentials/]: Setting up vanilla-compatible command arguments
[21Jun2025 13:28:49.811] [modloading-worker-0/INFO] [com.zerog.neoessentials.NeoEssentials/]: Registered NetworkHandler for server-side functionality
[21Jun2025 13:28:49.811] [modloading-worker-0/INFO] [com.zerog.neoessentials.NeoEssentials/]: NeoEssentials initializing in DEDICATED SERVER environment - full server-side functionality enabled
[21Jun2025 13:28:49.821] [modloading-worker-0/DEBUG] [net.neoforged.neoforge.internal.versions.neoforge.NeoForgeVersion/CORE]: Found NeoForge version 21.1.179
[21Jun2025 13:28:49.822] [modloading-worker-0/DEBUG] [net.neoforged.neoforge.internal.versions.neoforge.NeoForgeVersion/CORE]: Found FML version 4.0.39
[21Jun2025 13:28:49.822] [modloading-worker-0/INFO] [net.neoforged.neoforge.common.NeoForgeMod/NEOFORGE-MOD]: NeoForge mod loading, version 21.1.179, for MC 1.21.1
[21Jun2025 13:28:49.869] [modloading-worker-0/DEBUG] [net.neoforged.fml.config.ConfigTracker/CONFIG]: Config file neoforge-client.toml for neoforge tracking
[21Jun2025 13:28:49.869] [modloading-worker-0/DEBUG] [net.neoforged.fml.config.ConfigTracker/CONFIG]: Config file neoforge-server.toml for neoforge tracking
[21Jun2025 13:28:49.871] [modloading-worker-0/DEBUG] [net.neoforged.fml.config.ConfigTracker/CONFIG]: Config file neoforge-common.toml for neoforge tracking
[21Jun2025 13:28:49.882] [modloading-worker-0/INFO] [com.zerog.neoessentials.NeoEssentials/]: Loaded tablist config from disk
[21Jun2025 13:28:49.892] [modloading-worker-0/DEBUG] [net.neoforged.fml.config.ConfigTracker/CONFIG]: Config file neoessentials/general.toml for neoessentials tracking
[21Jun2025 13:28:49.896] [modloading-worker-0/DEBUG] [net.neoforged.fml.config.ConfigTracker/CONFIG]: Config file neoessentials/economy.toml for neoessentials tracking
[21Jun2025 13:28:49.902] [modloading-worker-0/DEBUG] [net.neoforged.fml.config.ConfigTracker/CONFIG]: Config file neoessentials/homes.toml for neoessentials tracking
[21Jun2025 13:28:49.905] [modloading-worker-0/DEBUG] [net.neoforged.fml.config.ConfigTracker/CONFIG]: Config file neoessentials/warps.toml for neoessentials tracking
[21Jun2025 13:28:49.909] [modloading-worker-0/DEBUG] [net.neoforged.fml.config.ConfigTracker/CONFIG]: Config file neoessentials/kits.toml for neoessentials tracking
[21Jun2025 13:28:49.917] [modloading-worker-0/DEBUG] [net.neoforged.fml.config.ConfigTracker/CONFIG]: Config file neoessentials/tablist.toml for neoessentials tracking
[21Jun2025 13:28:49.919] [modloading-worker-0/DEBUG] [net.neoforged.fml.config.ConfigTracker/CONFIG]: Config file neoessentials/database.toml for neoessentials tracking
[21Jun2025 13:28:49.919] [modloading-worker-0/INFO] [com.zerog.neoessentials.NeoEssentials/]: Registered all NeoEssentials config files
[21Jun2025 13:28:49.919] [modloading-worker-0/DEBUG] [net.neoforged.fml.javafmlmod.AutomaticEventSubscriber/LOADING]: Attempting to inject @EventBusSubscriber classes into the eventbus for neoessentials
[21Jun2025 13:28:49.970] [modloading-worker-0/DEBUG] [net.neoforged.fml.javafmlmod.AutomaticEventSubscriber/LOADING]: Attempting to inject @EventBusSubscriber classes into the eventbus for neoforge
[21Jun2025 13:28:49.972] [modloading-worker-0/DEBUG] [net.neoforged.fml.javafmlmod.AutomaticEventSubscriber/LOADING]: Auto-subscribing net.neoforged.neoforge.network.filters.GenericPacketSplitter to MOD
[21Jun2025 13:28:50.018] [modloading-worker-0/DEBUG] [io.netty.buffer.AbstractByteBuf/]: -Dio.netty.buffer.checkAccessible: true
[21Jun2025 13:28:50.018] [modloading-worker-0/DEBUG] [io.netty.buffer.AbstractByteBuf/]: -Dio.netty.buffer.checkBounds: true
[21Jun2025 13:28:50.019] [modloading-worker-0/DEBUG] [io.netty.util.ResourceLeakDetectorFactory/]: Loaded default ResourceLeakDetector: io.netty.util.ResourceLeakDetector@7d9a3b6c
[21Jun2025 13:28:50.035] [modloading-worker-0/DEBUG] [io.netty.util.internal.InternalThreadLocalMap/]: -Dio.netty.threadLocalMap.stringBuilder.initialSize: 1024
[21Jun2025 13:28:50.035] [modloading-worker-0/DEBUG] [io.netty.util.internal.InternalThreadLocalMap/]: -Dio.netty.threadLocalMap.stringBuilder.maxSize: 4096
[21Jun2025 13:28:50.040] [modloading-worker-0/DEBUG] [io.netty.buffer.PooledByteBufAllocator/]: -Dio.netty.allocator.numHeapArenas: 24
[21Jun2025 13:28:50.042] [modloading-worker-0/DEBUG] [io.netty.buffer.PooledByteBufAllocator/]: -Dio.netty.allocator.numDirectArenas: 24
[21Jun2025 13:28:50.042] [modloading-worker-0/DEBUG] [io.netty.buffer.PooledByteBufAllocator/]: -Dio.netty.allocator.pageSize: 8192
[21Jun2025 13:28:50.042] [modloading-worker-0/DEBUG] [io.netty.buffer.PooledByteBufAllocator/]: -Dio.netty.allocator.maxOrder: 9
[21Jun2025 13:28:50.042] [modloading-worker-0/DEBUG] [io.netty.buffer.PooledByteBufAllocator/]: -Dio.netty.allocator.chunkSize: 4194304
[21Jun2025 13:28:50.042] [modloading-worker-0/DEBUG] [io.netty.buffer.PooledByteBufAllocator/]: -Dio.netty.allocator.smallCacheSize: 256
[21Jun2025 13:28:50.042] [modloading-worker-0/DEBUG] [io.netty.buffer.PooledByteBufAllocator/]: -Dio.netty.allocator.normalCacheSize: 64
[21Jun2025 13:28:50.042] [modloading-worker-0/DEBUG] [io.netty.buffer.PooledByteBufAllocator/]: -Dio.netty.allocator.maxCachedBufferCapacity: 32768
[21Jun2025 13:28:50.042] [modloading-worker-0/DEBUG] [io.netty.buffer.PooledByteBufAllocator/]: -Dio.netty.allocator.cacheTrimInterval: 8192
[21Jun2025 13:28:50.042] [modloading-worker-0/DEBUG] [io.netty.buffer.PooledByteBufAllocator/]: -Dio.netty.allocator.cacheTrimIntervalMillis: 0
[21Jun2025 13:28:50.042] [modloading-worker-0/DEBUG] [io.netty.buffer.PooledByteBufAllocator/]: -Dio.netty.allocator.useCacheForAllThreads: false
[21Jun2025 13:28:50.042] [modloading-worker-0/DEBUG] [io.netty.buffer.PooledByteBufAllocator/]: -Dio.netty.allocator.maxCachedByteBuffersPerChunk: 1023
[21Jun2025 13:28:50.055] [modloading-worker-0/DEBUG] [io.netty.buffer.ByteBufUtil/]: -Dio.netty.allocator.type: pooled
[21Jun2025 13:28:50.056] [modloading-worker-0/DEBUG] [io.netty.buffer.ByteBufUtil/]: -Dio.netty.threadLocalDirectBufferSize: 0
[21Jun2025 13:28:50.056] [modloading-worker-0/DEBUG] [io.netty.buffer.ByteBufUtil/]: -Dio.netty.maxThreadLocalCharBufferSize: 16384
[21Jun2025 13:28:50.074] [modloading-worker-0/DEBUG] [net.neoforged.fml.javafmlmod.AutomaticEventSubscriber/LOADING]: Auto-subscribing net.neoforged.neoforge.network.NetworkInitialization to MOD
[21Jun2025 13:28:50.076] [modloading-worker-0/DEBUG] [net.neoforged.fml.javafmlmod.AutomaticEventSubscriber/LOADING]: Auto-subscribing net.neoforged.neoforge.network.ConfigurationInitialization to MOD
[21Jun2025 13:28:50.087] [modloading-worker-0/DEBUG] [net.neoforged.fml.javafmlmod.AutomaticEventSubscriber/LOADING]: Auto-subscribing net.neoforged.neoforge.common.MonsterRoomHooks to GAME
[21Jun2025 13:28:50.089] [modloading-worker-0/DEBUG] [net.neoforged.fml.javafmlmod.AutomaticEventSubscriber/LOADING]: Auto-subscribing net.neoforged.neoforge.common.DeferredSpawnEggItem$CommonHandler to MOD
[21Jun2025 13:28:50.092] [modloading-worker-0/DEBUG] [net.neoforged.fml.javafmlmod.AutomaticEventSubscriber/LOADING]: Auto-subscribing net.neoforged.neoforge.attachment.AttachmentInternals to GAME
[21Jun2025 13:28:50.300] [modloading-sync-worker/DEBUG] [net.neoforged.fml.config.ConfigTracker/CONFIG]: Loading configs type COMMON
[21Jun2025 13:28:50.326] [modloading-sync-worker/DEBUG] [net.neoforged.neoforge.common.NeoForgeConfig/FORGEMOD]: Loaded NeoForge config file neoforge-common.toml
[21Jun2025 13:28:50.328] [modloading-sync-worker/DEBUG] [net.neoforged.fml.config.ConfigTracker/CONFIG]: Loaded TOML config file A:\Minecraft Mod Development\NeoEssentials\run\config\neoforge-common.toml
[21Jun2025 13:28:50.338] [modloading-sync-worker/DEBUG] [net.neoforged.fml.config.ConfigTracker/CONFIG]: Watching TOML config file A:\Minecraft Mod Development\NeoEssentials\run\config\neoforge-common.toml for changes
[21Jun2025 13:28:50.355] [modloading-sync-worker/INFO] [com.zerog.neoessentials.NeoEssentials/]: Config loaded: neoessentials/general.toml
[21Jun2025 13:28:50.356] [modloading-sync-worker/INFO] [com.zerog.neoessentials.NeoEssentials/]: NeoEssentials config loaded: 1 of 7
[21Jun2025 13:28:50.356] [modloading-sync-worker/DEBUG] [net.neoforged.fml.config.ConfigTracker/CONFIG]: Loaded TOML config file A:\Minecraft Mod Development\NeoEssentials\run\config\neoessentials\general.toml
[21Jun2025 13:28:50.356] [modloading-sync-worker/DEBUG] [net.neoforged.fml.config.ConfigTracker/CONFIG]: Watching TOML config file A:\Minecraft Mod Development\NeoEssentials\run\config\neoessentials\general.toml for changes
[21Jun2025 13:28:50.375] [modloading-sync-worker/INFO] [com.zerog.neoessentials.NeoEssentials/]: Config loaded: neoessentials/economy.toml
[21Jun2025 13:28:50.375] [modloading-sync-worker/INFO] [com.zerog.neoessentials.NeoEssentials/]: NeoEssentials config loaded: 2 of 7
[21Jun2025 13:28:50.375] [modloading-sync-worker/DEBUG] [net.neoforged.fml.config.ConfigTracker/CONFIG]: Loaded TOML config file A:\Minecraft Mod Development\NeoEssentials\run\config\neoessentials\economy.toml
[21Jun2025 13:28:50.375] [modloading-sync-worker/DEBUG] [net.neoforged.fml.config.ConfigTracker/CONFIG]: Watching TOML config file A:\Minecraft Mod Development\NeoEssentials\run\config\neoessentials\economy.toml for changes
[21Jun2025 13:28:50.395] [modloading-sync-worker/INFO] [com.zerog.neoessentials.NeoEssentials/]: Config loaded: neoessentials/homes.toml
[21Jun2025 13:28:50.395] [modloading-sync-worker/INFO] [com.zerog.neoessentials.NeoEssentials/]: NeoEssentials config loaded: 3 of 7
[21Jun2025 13:28:50.395] [modloading-sync-worker/DEBUG] [net.neoforged.fml.config.ConfigTracker/CONFIG]: Loaded TOML config file A:\Minecraft Mod Development\NeoEssentials\run\config\neoessentials\homes.toml
[21Jun2025 13:28:50.396] [modloading-sync-worker/DEBUG] [net.neoforged.fml.config.ConfigTracker/CONFIG]: Watching TOML config file A:\Minecraft Mod Development\NeoEssentials\run\config\neoessentials\homes.toml for changes
[21Jun2025 13:28:50.412] [modloading-sync-worker/INFO] [com.zerog.neoessentials.NeoEssentials/]: Config loaded: neoessentials/warps.toml
[21Jun2025 13:28:50.412] [modloading-sync-worker/INFO] [com.zerog.neoessentials.NeoEssentials/]: NeoEssentials config loaded: 4 of 7
[21Jun2025 13:28:50.412] [modloading-sync-worker/DEBUG] [net.neoforged.fml.config.ConfigTracker/CONFIG]: Loaded TOML config file A:\Minecraft Mod Development\NeoEssentials\run\config\neoessentials\warps.toml
[21Jun2025 13:28:50.413] [modloading-sync-worker/DEBUG] [net.neoforged.fml.config.ConfigTracker/CONFIG]: Watching TOML config file A:\Minecraft Mod Development\NeoEssentials\run\config\neoessentials\warps.toml for changes
[21Jun2025 13:28:50.426] [modloading-sync-worker/INFO] [com.zerog.neoessentials.NeoEssentials/]: Config loaded: neoessentials/kits.toml
[21Jun2025 13:28:50.426] [modloading-sync-worker/INFO] [com.zerog.neoessentials.NeoEssentials/]: NeoEssentials config loaded: 5 of 7
[21Jun2025 13:28:50.426] [modloading-sync-worker/DEBUG] [net.neoforged.fml.config.ConfigTracker/CONFIG]: Loaded TOML config file A:\Minecraft Mod Development\NeoEssentials\run\config\neoessentials\kits.toml
[21Jun2025 13:28:50.426] [modloading-sync-worker/DEBUG] [net.neoforged.fml.config.ConfigTracker/CONFIG]: Watching TOML config file A:\Minecraft Mod Development\NeoEssentials\run\config\neoessentials\kits.toml for changes
[21Jun2025 13:28:50.442] [modloading-sync-worker/WARN] [net.neoforged.fml.config.ConfigTracker/CONFIG]: Configuration file A:\Minecraft Mod Development\NeoEssentials\run\config\neoessentials\tablist.toml is not correct. Correcting
[21Jun2025 13:28:50.458] [modloading-sync-worker/WARN] [net.neoforged.neoforge.common.ModConfigSpec/CORE]: Configuration LoadedConfig[config=SynchronizedConfig{DataHolder:{tablist=SynchronizedConfig{DataHolder:{updateInterval=2000, timeFormat=HH:mm:ss, enableSorting=true, sortType=name, showEconomyInTablist=true, enablePlayerSpecificHeaders=true, enablePlayerSpecificFooters=true}}, templates=SynchronizedConfig{DataHolder:{headers=[&6&l✦ &b&lNeoEssentials Server &6&l✦, &eWelcome, &a%player%&e!, &eOnline players: &a%online%/%max%, &eServer time: &a%time%], footers=[&eBalance: &a%balance% coins, &eWebsite: &awww.example.com, &eThanks for playing!, &eRunning &aNeoForge %neoforge%]}}}}, path=A:\Minecraft Mod Development\NeoEssentials\run\config\neoessentials\tablist.toml, modConfig=net.neoforged.fml.config.ModConfig@52c49db9] is not correct. Correcting
[21Jun2025 13:28:50.460] [modloading-sync-worker/WARN] [net.neoforged.neoforge.common.ModConfigSpec/CORE]: Incorrect key templates.headers was corrected from [&6&l✦ &b&lNeoEssentials Server &6&l✦, &eWelcome, &a%player%&e!, &eOnline players: &a%online%/%max%, &eServer time: &a%time%] to its default, [&6&l✦ &b&lNeoEssentials Server &6&l✦, &eWelcome, &a%player%&e!, &eOnline players: &a%online%/%max%, &eServer time: &a%time%]. 
[21Jun2025 13:28:50.460] [modloading-sync-worker/WARN] [net.neoforged.neoforge.common.ModConfigSpec/CORE]: Incorrect key templates.footers was corrected from [&eBalance: &a%balance% coins, &eWebsite: &awww.example.com, &eThanks for playing!, &eRunning &aNeoForge %neoforge%] to its default, [&eBalance: &a%balance% coins, &eWebsite: &awww.example.com, &eThanks for playing!, &eRunning &aNeoForge %neoforge%]. 
[21Jun2025 13:28:50.464] [modloading-sync-worker/INFO] [com.zerog.neoessentials.NeoEssentials/]: Config loaded: neoessentials/tablist.toml
[21Jun2025 13:28:50.464] [modloading-sync-worker/INFO] [com.zerog.neoessentials.NeoEssentials/]: NeoEssentials config loaded: 6 of 7
[21Jun2025 13:28:50.464] [modloading-sync-worker/DEBUG] [net.neoforged.fml.config.ConfigTracker/CONFIG]: Loaded TOML config file A:\Minecraft Mod Development\NeoEssentials\run\config\neoessentials\tablist.toml
[21Jun2025 13:28:50.466] [modloading-sync-worker/DEBUG] [net.neoforged.fml.config.ConfigTracker/CONFIG]: Watching TOML config file A:\Minecraft Mod Development\NeoEssentials\run\config\neoessentials\tablist.toml for changes
[21Jun2025 13:28:50.484] [modloading-sync-worker/INFO] [com.zerog.neoessentials.NeoEssentials/]: Config loaded: neoessentials/database.toml
[21Jun2025 13:28:50.485] [modloading-sync-worker/INFO] [com.zerog.neoessentials.NeoEssentials/]: NeoEssentials config loaded: 7 of 7
[21Jun2025 13:28:50.485] [modloading-sync-worker/INFO] [com.zerog.neoessentials.NeoEssentials/]: All config files loaded, initializing configs now
[21Jun2025 13:28:50.586] [modloading-sync-worker/INFO] [com.zerog.neoessentials.NeoEssentials/]: Initializing config values
[21Jun2025 13:28:50.589] [modloading-sync-worker/INFO] [com.zerog.neoessentials.NeoEssentials/]: Initializing compatibility config layer
[21Jun2025 13:28:50.589] [modloading-sync-worker/DEBUG] [com.zerog.neoessentials.NeoEssentials/]: Pre-cached home command state: true
[21Jun2025 13:28:50.591] [modloading-sync-worker/DEBUG] [com.zerog.neoessentials.NeoEssentials/]: Pre-cached warp command state: true
[21Jun2025 13:28:50.591] [modloading-sync-worker/DEBUG] [com.zerog.neoessentials.NeoEssentials/]: Pre-cached teleport commands state: true
[21Jun2025 13:28:50.591] [modloading-sync-worker/DEBUG] [com.zerog.neoessentials.NeoEssentials/]: Pre-cached kit command state: true
[21Jun2025 13:28:50.591] [modloading-sync-worker/INFO] [com.zerog.neoessentials.NeoEssentials/]: Compatibility config layer initialized successfully
[21Jun2025 13:28:50.591] [modloading-sync-worker/DEBUG] [net.neoforged.fml.config.ConfigTracker/CONFIG]: Loaded TOML config file A:\Minecraft Mod Development\NeoEssentials\run\config\neoessentials\database.toml
[21Jun2025 13:28:50.591] [modloading-sync-worker/DEBUG] [net.neoforged.fml.config.ConfigTracker/CONFIG]: Watching TOML config file A:\Minecraft Mod Development\NeoEssentials\run\config\neoessentials\database.toml for changes
[21Jun2025 13:28:50.592] [modloading-worker-0/INFO] [com.zerog.neoessentials.NeoEssentials/]: HELLO FROM COMMON SETUP
[21Jun2025 13:28:50.592] [modloading-worker-0/INFO] [com.zerog.neoessentials.NeoEssentials/]: Initializing NeoEssentials managers
[21Jun2025 13:28:50.614] [modloading-worker-0/INFO] [com.zerog.neoessentials.NeoEssentials/]: Loaded 0 jails
[21Jun2025 13:28:50.618] [modloading-worker-0/INFO] [com.zerog.neoessentials.NeoEssentials/]: Loaded 0 jailed players
[21Jun2025 13:28:50.624] [modloading-worker-0/INFO] [com.zerog.neoessentials.NeoEssentials/]: Loaded powertool data for 0 players
[21Jun2025 13:28:50.632] [modloading-worker-0/INFO] [com.zerog.neoessentials.NeoEssentials/]: Loaded mail data for 0 players
[21Jun2025 13:28:50.634] [modloading-worker-0/INFO] [com.zerog.neoessentials.NeoEssentials/]: Initializing managers
[21Jun2025 13:28:50.635] [modloading-worker-0/INFO] [com.zerog.neoessentials.NeoEssentials/]: Deferring storage initialization until database config is loaded
[21Jun2025 13:28:50.637] [modloading-worker-0/INFO] [com.zerog.neoessentials.NeoEssentials/]: Loaded 0 jails
[21Jun2025 13:28:50.637] [modloading-worker-0/INFO] [com.zerog.neoessentials.NeoEssentials/]: Loaded 0 jailed players
[21Jun2025 13:28:50.637] [modloading-worker-0/INFO] [com.zerog.neoessentials.NeoEssentials/]: Loaded powertool data for 0 players
[21Jun2025 13:28:50.639] [modloading-worker-0/INFO] [com.zerog.neoessentials.NeoEssentials/]: Loaded mail data for 0 players
[21Jun2025 13:28:50.639] [modloading-worker-0/INFO] [com.zerog.neoessentials.NeoEssentials/]: Initializing NeoEssentials Data Manager
[21Jun2025 13:28:50.639] [modloading-worker-0/INFO] [com.zerog.neoessentials.NeoEssentials/]: Initializing NeoEssentials User Manager
[21Jun2025 13:28:50.640] [modloading-worker-0/INFO] [com.zerog.neoessentials.NeoEssentials/]: Initializing NeoEssentials Economy Manager
[21Jun2025 13:28:50.640] [modloading-worker-0/INFO] [com.zerog.neoessentials.NeoEssentials/]: No existing economy data found, starting fresh
[21Jun2025 13:28:50.640] [modloading-worker-0/INFO] [com.zerog.neoessentials.NeoEssentials/]: No existing transaction history found
[21Jun2025 13:28:50.640] [modloading-worker-0/INFO] [com.zerog.neoessentials.NeoEssentials/]: Initializing NeoEssentials Home Manager
[21Jun2025 13:28:50.640] [modloading-worker-0/INFO] [com.zerog.neoessentials.NeoEssentials/]: Initializing NeoEssentials Warp Manager
[21Jun2025 13:28:50.640] [modloading-worker-0/WARN] [com.zerog.neoessentials.NeoEssentials/]: Storage manager not available yet, warps will be loaded when available
[21Jun2025 13:28:50.640] [modloading-worker-0/INFO] [com.zerog.neoessentials.NeoEssentials/]: Initializing NeoEssentials Spawn Manager
[21Jun2025 13:28:50.666] [modloading-worker-0/INFO] [com.zerog.neoessentials.NeoEssentials/]: Initializing NeoEssentials Kit Manager
[21Jun2025 13:28:50.692] [modloading-worker-0/INFO] [com.zerog.neoessentials.NeoEssentials/]: Loaded 0 kits from data file
[21Jun2025 13:28:50.692] [modloading-worker-0/INFO] [com.zerog.neoessentials.NeoEssentials/]: Initializing TablistManager
[21Jun2025 13:28:50.696] [modloading-worker-0/INFO] [com.zerog.neoessentials.NeoEssentials/]: TablistManager update task scheduled every 2000 ms
[21Jun2025 13:28:50.698] [modloading-worker-0/INFO] [com.zerog.neoessentials.NeoEssentials/]: NeoEssentials Data Manager initialized
[21Jun2025 13:28:50.754] [modloading-sync-worker/DEBUG] [net.neoforged.fml.DeferredWorkQueue/LOADING]: Dispatching synchronous work for work queue Common setup: 4 jobs
[21Jun2025 13:28:50.755] [modloading-sync-worker/INFO] [com.zerog.neoessentials.NeoEssentials/]: Registering command argument types in common setup
[21Jun2025 13:28:50.756] [modloading-sync-worker/INFO] [com.zerog.neoessentials.NeoEssentials/]: Initializing vanilla-compatible command arguments
[21Jun2025 13:28:50.758] [modloading-sync-worker/INFO] [com.zerog.neoessentials.NeoEssentials/]: Vanilla-compatible command system configured successfully
[21Jun2025 13:28:50.758] [modloading-sync-worker/INFO] [com.zerog.neoessentials.NeoEssentials/]: Setting up server-only modded environment support
[21Jun2025 13:28:50.759] [modloading-sync-worker/DEBUG] [net.neoforged.fml.DeferredWorkQueue/LOADING]: Synchronous work queue completed in 3.116 ms
[21Jun2025 13:28:50.962] [main/INFO] [com.mojang.authlib.yggdrasil.YggdrasilAuthenticationService/]: Environment: Environment[sessionHost=https://sessionserver.mojang.com, servicesHost=https://api.minecraftservices.com, name=PROD]
[21Jun2025 13:28:51.155] [main/WARN] [net.minecraft.server.packs.VanillaPackResourcesBuilder/]: Assets URL 'union:/A:/Minecraft%20Mod%20Development/NeoEssentials/build/moddev/artifacts/neoforge-21.1.179.jar%23125!/assets/.mcassetsroot' uses unexpected schema
[21Jun2025 13:28:51.155] [main/WARN] [net.minecraft.server.packs.VanillaPackResourcesBuilder/]: Assets URL 'union:/A:/Minecraft%20Mod%20Development/NeoEssentials/build/moddev/artifacts/neoforge-21.1.179.jar%23125!/data/.mcassetsroot' uses unexpected schema
[21Jun2025 13:28:53.537] [Worker-Main-2/INFO] [com.zerog.neoessentials.NeoEssentials/]: Registering NeoEssentials commands
[21Jun2025 13:28:53.555] [Worker-Main-2/INFO] [com.zerog.neoessentials.NeoEssentials/]: Registered teleport commands
[21Jun2025 13:28:53.555] [Worker-Main-2/INFO] [com.zerog.neoessentials.NeoEssentials/]: Registered teleport commands
[21Jun2025 13:28:53.559] [Worker-Main-2/INFO] [com.zerog.neoessentials.NeoEssentials/]: Registered home commands
[21Jun2025 13:28:53.559] [Worker-Main-2/INFO] [com.zerog.neoessentials.NeoEssentials/]: Registered home commands
[21Jun2025 13:28:53.591] [Worker-Main-2/INFO] [com.zerog.neoessentials.NeoEssentials/]: Registered economy commands
[21Jun2025 13:28:53.591] [Worker-Main-2/INFO] [com.zerog.neoessentials.NeoEssentials/]: Registered economy commands
[21Jun2025 13:28:53.596] [Worker-Main-2/INFO] [com.zerog.neoessentials.NeoEssentials/]: Registered user commands
[21Jun2025 13:28:53.596] [Worker-Main-2/INFO] [com.zerog.neoessentials.NeoEssentials/]: Registered user commands
[21Jun2025 13:28:53.596] [Worker-Main-2/INFO] [com.zerog.neoessentials.NeoEssentials/]: Registering warp commands
[21Jun2025 13:28:53.599] [Worker-Main-2/INFO] [com.zerog.neoessentials.NeoEssentials/]: Warp commands registered successfully
[21Jun2025 13:28:53.599] [Worker-Main-2/INFO] [com.zerog.neoessentials.NeoEssentials/]: Registered warp commands
[21Jun2025 13:28:53.599] [Worker-Main-2/INFO] [com.zerog.neoessentials.NeoEssentials/]: Registering kit commands
[21Jun2025 13:28:53.602] [Worker-Main-2/INFO] [com.zerog.neoessentials.NeoEssentials/]: Kit commands registered successfully
[21Jun2025 13:28:53.602] [Worker-Main-2/INFO] [com.zerog.neoessentials.NeoEssentials/]: Registered kit commands
[21Jun2025 13:28:53.607] [Worker-Main-2/INFO] [com.zerog.neoessentials.NeoEssentials/]: Registered time and weather commands
[21Jun2025 13:28:53.611] [Worker-Main-2/INFO] [com.zerog.neoessentials.NeoEssentials/]: Registered inventory commands
[21Jun2025 13:28:53.613] [Worker-Main-2/INFO] [com.zerog.neoessentials.NeoEssentials/]: Registered inventory commands
[21Jun2025 13:28:53.619] [Worker-Main-2/INFO] [com.zerog.neoessentials.NeoEssentials/]: Registered enhanced player commands
[21Jun2025 13:28:53.619] [Worker-Main-2/INFO] [com.zerog.neoessentials.NeoEssentials/]: Registered player commands
[21Jun2025 13:28:53.639] [Worker-Main-2/INFO] [com.zerog.neoessentials.NeoEssentials/]: Registered message commands
[21Jun2025 13:28:53.649] [Worker-Main-2/INFO] [com.zerog.neoessentials.NeoEssentials/]: Registered enhanced moderator commands
[21Jun2025 13:28:53.650] [Worker-Main-2/INFO] [com.zerog.neoessentials.NeoEssentials/]: Registered moderator commands
[21Jun2025 13:28:53.656] [Worker-Main-2/INFO] [com.zerog.neoessentials.NeoEssentials/]: Registered AFK commands
[21Jun2025 13:28:53.659] [Worker-Main-2/INFO] [com.zerog.neoessentials.NeoEssentials/]: Registered utility commands
[21Jun2025 13:28:53.665] [Worker-Main-2/INFO] [com.zerog.neoessentials.NeoEssentials/]: Registered UI commands
[21Jun2025 13:28:53.672] [Worker-Main-2/INFO] [com.zerog.neoessentials.NeoEssentials/]: Registered jail commands
[21Jun2025 13:28:53.677] [Worker-Main-2/INFO] [com.zerog.neoessentials.NeoEssentials/]: Registered powertool commands
[21Jun2025 13:28:53.681] [Worker-Main-2/INFO] [com.zerog.neoessentials.NeoEssentials/]: Registered mail commands
[21Jun2025 13:28:53.706] [Worker-Main-2/INFO] [com.zerog.neoessentials.NeoEssentials/]: Registered admin panel commands
[21Jun2025 13:28:53.708] [Worker-Main-2/INFO] [com.zerog.neoessentials.NeoEssentials/]: Skipping ItemCommands registration due to CommandBuildContext requirements
[21Jun2025 13:28:53.745] [Worker-Main-2/INFO] [com.zerog.neoessentials.NeoEssentials/]: Registered item commands
[21Jun2025 13:28:54.494] [main/INFO] [net.minecraft.world.item.crafting.RecipeManager/]: Loaded 1290 recipes
[21Jun2025 13:28:55.083] [main/INFO] [net.minecraft.advancements.AdvancementTree/]: Loaded 1399 advancements
[21Jun2025 13:28:55.679] [main/DEBUG] [net.neoforged.neoforge.common.CommonHooks/WP]: Gathered mod list to write to world save world
[21Jun2025 13:28:55.762] [Server thread/INFO] [net.minecraft.server.dedicated.DedicatedServer/]: Starting minecraft server version 1.21.1
[21Jun2025 13:28:55.762] [Server thread/INFO] [net.minecraft.server.dedicated.DedicatedServer/]: Loading properties
[21Jun2025 13:28:55.762] [Server thread/INFO] [net.minecraft.server.dedicated.DedicatedServer/]: Default game type: SURVIVAL
[21Jun2025 13:28:55.762] [Server thread/INFO] [net.minecraft.server.MinecraftServer/]: Generating keypair
[21Jun2025 13:28:55.857] [Server thread/INFO] [net.minecraft.server.dedicated.DedicatedServer/]: Starting Minecraft server on *:25565
[21Jun2025 13:28:55.857] [Server thread/DEBUG] [net.neoforged.neoforge.network.DualStackUtils/]: Detected IPv6 address: "0:0:0:0:0:0:0:0"
[21Jun2025 13:28:55.876] [Server thread/DEBUG] [io.netty.channel.MultithreadEventLoopGroup/]: -Dio.netty.eventLoopThreads: 24
[21Jun2025 13:28:55.889] [Server thread/DEBUG] [io.netty.util.concurrent.GlobalEventExecutor/]: -Dio.netty.globalEventExecutor.quietPeriodSeconds: 1
[21Jun2025 13:28:55.902] [Server thread/DEBUG] [io.netty.channel.nio.NioEventLoop/]: -Dio.netty.noKeySetOptimization: false
[21Jun2025 13:28:55.904] [Server thread/DEBUG] [io.netty.channel.nio.NioEventLoop/]: -Dio.netty.selectorAutoRebuildThreshold: 512
[21Jun2025 13:28:55.910] [Server thread/DEBUG] [io.netty.util.internal.PlatformDependent/]: org.jctools-core.MpscChunkedArrayQueue: available
[21Jun2025 13:28:55.980] [Server thread/INFO] [net.minecraft.server.network.ServerConnectionListener/]: Using default channel type
[21Jun2025 13:28:55.999] [Server thread/DEBUG] [io.netty.channel.DefaultChannelId/]: -Dio.netty.processId: 75164 (auto-detected)
[21Jun2025 13:28:56.002] [Server thread/DEBUG] [io.netty.util.NetUtil/]: -Djava.net.preferIPv4Stack: false
[21Jun2025 13:28:56.002] [Server thread/DEBUG] [io.netty.util.NetUtil/]: -Djava.net.preferIPv6Addresses: true
[21Jun2025 13:28:56.006] [Server thread/DEBUG] [io.netty.util.NetUtilInitializations/]: Loopback interface: loopback_0 (Software Loopback Interface 1, 0:0:0:0:0:0:0:1)
[21Jun2025 13:28:56.008] [Server thread/DEBUG] [io.netty.util.NetUtil/]: Failed to get SOMAXCONN from sysctl and file \proc\sys\net\core\somaxconn. Default: 200
[21Jun2025 13:28:56.009] [Server thread/DEBUG] [io.netty.channel.DefaultChannelId/]: -Dio.netty.machineId: 3c:7c:3f:ff:fe:d9:38:a1 (auto-detected)
[21Jun2025 13:28:56.038] [Server thread/WARN] [net.minecraft.server.dedicated.DedicatedServer/]: **** SERVER IS RUNNING IN OFFLINE/INSECURE MODE!
[21Jun2025 13:28:56.038] [Server thread/WARN] [net.minecraft.server.dedicated.DedicatedServer/]: The server will make no attempt to authenticate usernames. Beware.
[21Jun2025 13:28:56.038] [Server thread/WARN] [net.minecraft.server.dedicated.DedicatedServer/]: While this makes the game possible to play without internet access, it also opens up the ability for hackers to connect with any username they choose.
[21Jun2025 13:28:56.038] [Server thread/WARN] [net.minecraft.server.dedicated.DedicatedServer/]: To change this, set "online-mode" to "true" in the server.properties file.
[21Jun2025 13:28:56.066] [Server thread/DEBUG] [net.neoforged.fml.config.ConfigTracker/CONFIG]: Loading configs type SERVER
[21Jun2025 13:28:56.082] [Server thread/DEBUG] [net.neoforged.neoforge.common.NeoForgeConfig/FORGEMOD]: Loaded NeoForge config file neoforge-server.toml
[21Jun2025 13:28:56.082] [Server thread/DEBUG] [net.neoforged.fml.config.ConfigTracker/CONFIG]: Loaded TOML config file A:\Minecraft Mod Development\NeoEssentials\run\config\neoforge-server.toml
[21Jun2025 13:28:56.084] [Server thread/DEBUG] [net.neoforged.fml.config.ConfigTracker/CONFIG]: Watching TOML config file A:\Minecraft Mod Development\NeoEssentials\run\config\neoforge-server.toml for changes
[21Jun2025 13:28:56.123] [Server thread/INFO] [net.minecraft.server.dedicated.DedicatedServer/]: Preparing level "world"
[21Jun2025 13:28:57.580] [Server thread/INFO] [net.minecraft.server.MinecraftServer/]: Preparing start region for dimension minecraft:overworld
[21Jun2025 13:28:58.483] [worldgen/INFO] [net.minecraft.server.level.progress.LoggerChunkProgressListener/]: Preparing spawn area: 0%
[21Jun2025 13:28:58.486] [worldgen/INFO] [net.minecraft.server.level.progress.LoggerChunkProgressListener/]: Preparing spawn area: 0%
[21Jun2025 13:28:58.585] [worldgen/INFO] [net.minecraft.server.level.progress.LoggerChunkProgressListener/]: Preparing spawn area: 95%
[21Jun2025 13:28:58.739] [Server thread/INFO] [net.minecraft.server.level.progress.LoggerChunkProgressListener/]: Time elapsed: 1159 ms
[21Jun2025 13:28:58.739] [Server thread/INFO] [net.minecraft.server.dedicated.DedicatedServer/]: Done (2.676s)! For help, type "help"
[21Jun2025 13:28:58.758] [Server thread/DEBUG] [net.neoforged.neoforge.network.DualStackUtils/]: Detected IPv6 address: "0:0:0:0:0:0:0:0"
[21Jun2025 13:28:58.802] [Server thread/DEBUG] [net.neoforged.neoforge.server.LanguageHook/]: Loaded 4 language files for en_us
[21Jun2025 13:28:58.818] [Server thread/INFO] [net.neoforged.neoforge.gametest.GameTestHooks/]: Enabled Gametest Namespaces: [neoessentials]
[21Jun2025 13:28:58.835] [Server thread/INFO] [net.neoforged.neoforge.server.permission.PermissionAPI/]: Successfully initialized permission handler neoforge:default_handler
[21Jun2025 13:28:58.836] [Server thread/INFO] [com.zerog.neoessentials.NeoEssentials/]: NeoEssentials server-side mod activated!
[21Jun2025 13:28:58.836] [Server thread/INFO] [com.zerog.neoessentials.NeoEssentials/]: Version: 1.0.0 for Minecraft 1.21.1
[21Jun2025 13:28:59.118] [Netty Server IO #1/DEBUG] [io.netty.util.Recycler/]: -Dio.netty.recycler.maxCapacityPerThread: 4096
[21Jun2025 13:28:59.119] [Netty Server IO #1/DEBUG] [io.netty.util.Recycler/]: -Dio.netty.recycler.ratio: 8
[21Jun2025 13:28:59.119] [Netty Server IO #1/DEBUG] [io.netty.util.Recycler/]: -Dio.netty.recycler.chunkSize: 32
[21Jun2025 13:28:59.119] [Netty Server IO #1/DEBUG] [io.netty.util.Recycler/]: -Dio.netty.recycler.blocking: false
[21Jun2025 13:28:59.119] [Netty Server IO #1/DEBUG] [io.netty.util.Recycler/]: -Dio.netty.recycler.batchFastThreadLocalOnly: true
[21Jun2025 13:29:03.203] [Netty Server IO #2/DEBUG] [net.neoforged.neoforge.network.filters.NetworkFilters/]: Injected net.neoforged.neoforge.network.filters.GenericPacketSplitter@5b3cf2d7 into net.minecraft.network.Connection@425a6726
[21Jun2025 13:29:05.819] [Netty Server IO #2/DEBUG] [net.neoforged.neoforge.network.filters.NetworkFilters/]: Injected net.neoforged.neoforge.network.filters.GenericPacketSplitter@e78ed into net.minecraft.network.Connection@425a6726
[21Jun2025 13:29:06.201] [Server thread/INFO] [net.minecraft.server.players.PlayerList/]: MrWhiteFlamesYT[/[::1]:43857] logged in with entity id 107 at (2.728629007939923, 68.36938855736308, -14.30125602801379)
[21Jun2025 13:29:06.306] [Server thread/DEBUG] [com.zerog.neoessentials.NeoEssentials/]: Permission check for 'neoessentials.command.warp': true
[21Jun2025 13:29:06.379] [Server thread/INFO] [net.minecraft.server.MinecraftServer/]: MrWhiteFlamesYT 100.00 joined the game
[21Jun2025 13:29:06.464] [Server thread/INFO] [com.zerog.neoessentials.NeoEssentials/]: Player logged in: MrWhiteFlamesYT
