[21Jun2025 13:28:34.422] [main/INFO] [cpw.mods.modlauncher.Launcher/MODLAUNCHER]: ModLauncher running: args [--launchTarget, forgeserverdev, --gameDir, ., --fml.fmlVersion, 4.0.39, --fml.mcVersion, 1.21.1, --fml.neoForgeVersion, 21.1.179, --fml.neoFormVersion, 20240808.144430, --nogui]
[21Jun2025 13:28:34.439] [main/INFO] [cpw.mods.modlauncher.Launcher/MODLAUNCHER]: JVM identified as Oracle Corporation Java HotSpot(TM) 64-Bit Server VM 21.0.4+8-LTS-274
[21Jun2025 13:28:34.442] [main/INFO] [cpw.mods.modlauncher.Launcher/MODLAUNCHER]: ModLauncher 11.0.5+main.901c6ea8 starting: java version 21.0.4 by Oracle Corporation; OS Windows 11 arch amd64 version 10.0
[21Jun2025 13:28:34.709] [main/INFO] [net.neoforged.fml.loading.ImmediateWindowHandler/]: ImmediateWindowProvider not loading because launch target is forgeserverdev
[21Jun2025 13:28:34.884] [main/INFO] [mixin/]: SpongePowered MIXIN Subsystem Version=0.8.7 Source=union:/C:/Users/swieg/.gradle/caches/modules-2/files-2.1/net.fabricmc/sponge-mixin/0.15.2+mixin.0.8.7/2af2f021d8e02a0220dc27a7a72b4666d66d44ca/sponge-mixin-0.15.2+mixin.0.8.7.jar%2394!/ Service=ModLauncher Env=SERVER
[21Jun2025 13:28:35.717] [main/INFO] [net.neoforged.fml.loading.moddiscovery.locators.JarInJarDependencyLocator/]: Found 2 dependencies adding them to mods collection
[21Jun2025 13:28:35.719] [main/INFO] [net.neoforged.fml.loading.moddiscovery.ModDiscoverer/]: 
     Mod List:
		Name Version (Mod Id)

		Minecraft 1.21.1 (minecraft)
		NeoEssentials 1.0.0 (neoessentials)
		NeoForge 21.1.179 (neoforge)
[21Jun2025 13:28:37.175] [main/INFO] [cpw.mods.modlauncher.LaunchServiceHandler/MODLAUNCHER]: Launching target 'forgeserverdev' with arguments [--gameDir, ., --nogui]
[21Jun2025 13:28:39.701] [main/WARN] [oshi.driver.windows.perfmon.PerfmonDisabled/]: Invalid registry value type detected for PerfOS counters. Should be REG_DWORD. Ignoring: HKEY_LOCAL_MACHINE\SYSTEM\CurrentControlSet\Services\PerfOS\Performance\Disable Performance Counters.
[21Jun2025 13:28:40.272] [main/INFO] [MixinExtras|Service/]: Initializing MixinExtras via com.llamalad7.mixinextras.service.MixinExtrasServiceImpl(version=0.4.1).
[21Jun2025 13:28:49.656] [main/WARN] [net.minecraft.commands.Commands/]: Ambiguity between arguments [teleport, location] and [teleport, destination] with inputs: [0.1 -0.5 .9, 0 0 0]
[21Jun2025 13:28:49.659] [main/WARN] [net.minecraft.commands.Commands/]: Ambiguity between arguments [teleport, location] and [teleport, targets] with inputs: [0.1 -0.5 .9, 0 0 0]
[21Jun2025 13:28:49.665] [main/WARN] [net.minecraft.commands.Commands/]: Ambiguity between arguments [teleport, destination] and [teleport, targets] with inputs: [Player, 0123, @e, dd12be42-52a9-4a91-a8a1-11c01849e498]
[21Jun2025 13:28:49.668] [main/WARN] [net.minecraft.commands.Commands/]: Ambiguity between arguments [teleport, targets] and [teleport, destination] with inputs: [Player, 0123, dd12be42-52a9-4a91-a8a1-11c01849e498]
[21Jun2025 13:28:49.669] [main/WARN] [net.minecraft.commands.Commands/]: Ambiguity between arguments [teleport, targets, location] and [teleport, targets, destination] with inputs: [0.1 -0.5 .9, 0 0 0]
[21Jun2025 13:28:49.804] [modloading-worker-0/INFO] [com.zerog.neoessentials.NeoEssentials/]: Setting up vanilla-compatible command arguments
[21Jun2025 13:28:49.811] [modloading-worker-0/INFO] [com.zerog.neoessentials.NeoEssentials/]: Registered NetworkHandler for server-side functionality
[21Jun2025 13:28:49.811] [modloading-worker-0/INFO] [com.zerog.neoessentials.NeoEssentials/]: NeoEssentials initializing in DEDICATED SERVER environment - full server-side functionality enabled
[21Jun2025 13:28:49.822] [modloading-worker-0/INFO] [net.neoforged.neoforge.common.NeoForgeMod/NEOFORGE-MOD]: NeoForge mod loading, version 21.1.179, for MC 1.21.1
[21Jun2025 13:28:49.882] [modloading-worker-0/INFO] [com.zerog.neoessentials.NeoEssentials/]: Loaded tablist config from disk
[21Jun2025 13:28:49.919] [modloading-worker-0/INFO] [com.zerog.neoessentials.NeoEssentials/]: Registered all NeoEssentials config files
[21Jun2025 13:28:50.355] [modloading-sync-worker/INFO] [com.zerog.neoessentials.NeoEssentials/]: Config loaded: neoessentials/general.toml
[21Jun2025 13:28:50.356] [modloading-sync-worker/INFO] [com.zerog.neoessentials.NeoEssentials/]: NeoEssentials config loaded: 1 of 7
[21Jun2025 13:28:50.375] [modloading-sync-worker/INFO] [com.zerog.neoessentials.NeoEssentials/]: Config loaded: neoessentials/economy.toml
[21Jun2025 13:28:50.375] [modloading-sync-worker/INFO] [com.zerog.neoessentials.NeoEssentials/]: NeoEssentials config loaded: 2 of 7
[21Jun2025 13:28:50.395] [modloading-sync-worker/INFO] [com.zerog.neoessentials.NeoEssentials/]: Config loaded: neoessentials/homes.toml
[21Jun2025 13:28:50.395] [modloading-sync-worker/INFO] [com.zerog.neoessentials.NeoEssentials/]: NeoEssentials config loaded: 3 of 7
[21Jun2025 13:28:50.412] [modloading-sync-worker/INFO] [com.zerog.neoessentials.NeoEssentials/]: Config loaded: neoessentials/warps.toml
[21Jun2025 13:28:50.412] [modloading-sync-worker/INFO] [com.zerog.neoessentials.NeoEssentials/]: NeoEssentials config loaded: 4 of 7
[21Jun2025 13:28:50.426] [modloading-sync-worker/INFO] [com.zerog.neoessentials.NeoEssentials/]: Config loaded: neoessentials/kits.toml
[21Jun2025 13:28:50.426] [modloading-sync-worker/INFO] [com.zerog.neoessentials.NeoEssentials/]: NeoEssentials config loaded: 5 of 7
[21Jun2025 13:28:50.442] [modloading-sync-worker/WARN] [net.neoforged.fml.config.ConfigTracker/CONFIG]: Configuration file A:\Minecraft Mod Development\NeoEssentials\run\config\neoessentials\tablist.toml is not correct. Correcting
[21Jun2025 13:28:50.458] [modloading-sync-worker/WARN] [net.neoforged.neoforge.common.ModConfigSpec/CORE]: Configuration LoadedConfig[config=SynchronizedConfig{DataHolder:{tablist=SynchronizedConfig{DataHolder:{updateInterval=2000, timeFormat=HH:mm:ss, enableSorting=true, sortType=name, showEconomyInTablist=true, enablePlayerSpecificHeaders=true, enablePlayerSpecificFooters=true}}, templates=SynchronizedConfig{DataHolder:{headers=[&6&l✦ &b&lNeoEssentials Server &6&l✦, &eWelcome, &a%player%&e!, &eOnline players: &a%online%/%max%, &eServer time: &a%time%], footers=[&eBalance: &a%balance% coins, &eWebsite: &awww.example.com, &eThanks for playing!, &eRunning &aNeoForge %neoforge%]}}}}, path=A:\Minecraft Mod Development\NeoEssentials\run\config\neoessentials\tablist.toml, modConfig=net.neoforged.fml.config.ModConfig@52c49db9] is not correct. Correcting
[21Jun2025 13:28:50.460] [modloading-sync-worker/WARN] [net.neoforged.neoforge.common.ModConfigSpec/CORE]: Incorrect key templates.headers was corrected from [&6&l✦ &b&lNeoEssentials Server &6&l✦, &eWelcome, &a%player%&e!, &eOnline players: &a%online%/%max%, &eServer time: &a%time%] to its default, [&6&l✦ &b&lNeoEssentials Server &6&l✦, &eWelcome, &a%player%&e!, &eOnline players: &a%online%/%max%, &eServer time: &a%time%]. 
[21Jun2025 13:28:50.460] [modloading-sync-worker/WARN] [net.neoforged.neoforge.common.ModConfigSpec/CORE]: Incorrect key templates.footers was corrected from [&eBalance: &a%balance% coins, &eWebsite: &awww.example.com, &eThanks for playing!, &eRunning &aNeoForge %neoforge%] to its default, [&eBalance: &a%balance% coins, &eWebsite: &awww.example.com, &eThanks for playing!, &eRunning &aNeoForge %neoforge%]. 
[21Jun2025 13:28:50.464] [modloading-sync-worker/INFO] [com.zerog.neoessentials.NeoEssentials/]: Config loaded: neoessentials/tablist.toml
[21Jun2025 13:28:50.464] [modloading-sync-worker/INFO] [com.zerog.neoessentials.NeoEssentials/]: NeoEssentials config loaded: 6 of 7
[21Jun2025 13:28:50.484] [modloading-sync-worker/INFO] [com.zerog.neoessentials.NeoEssentials/]: Config loaded: neoessentials/database.toml
[21Jun2025 13:28:50.485] [modloading-sync-worker/INFO] [com.zerog.neoessentials.NeoEssentials/]: NeoEssentials config loaded: 7 of 7
[21Jun2025 13:28:50.485] [modloading-sync-worker/INFO] [com.zerog.neoessentials.NeoEssentials/]: All config files loaded, initializing configs now
[21Jun2025 13:28:50.586] [modloading-sync-worker/INFO] [com.zerog.neoessentials.NeoEssentials/]: Initializing config values
[21Jun2025 13:28:50.589] [modloading-sync-worker/INFO] [com.zerog.neoessentials.NeoEssentials/]: Initializing compatibility config layer
[21Jun2025 13:28:50.591] [modloading-sync-worker/INFO] [com.zerog.neoessentials.NeoEssentials/]: Compatibility config layer initialized successfully
[21Jun2025 13:28:50.592] [modloading-worker-0/INFO] [com.zerog.neoessentials.NeoEssentials/]: HELLO FROM COMMON SETUP
[21Jun2025 13:28:50.592] [modloading-worker-0/INFO] [com.zerog.neoessentials.NeoEssentials/]: Initializing NeoEssentials managers
[21Jun2025 13:28:50.614] [modloading-worker-0/INFO] [com.zerog.neoessentials.NeoEssentials/]: Loaded 0 jails
[21Jun2025 13:28:50.618] [modloading-worker-0/INFO] [com.zerog.neoessentials.NeoEssentials/]: Loaded 0 jailed players
[21Jun2025 13:28:50.624] [modloading-worker-0/INFO] [com.zerog.neoessentials.NeoEssentials/]: Loaded powertool data for 0 players
[21Jun2025 13:28:50.632] [modloading-worker-0/INFO] [com.zerog.neoessentials.NeoEssentials/]: Loaded mail data for 0 players
[21Jun2025 13:28:50.634] [modloading-worker-0/INFO] [com.zerog.neoessentials.NeoEssentials/]: Initializing managers
[21Jun2025 13:28:50.635] [modloading-worker-0/INFO] [com.zerog.neoessentials.NeoEssentials/]: Deferring storage initialization until database config is loaded
[21Jun2025 13:28:50.637] [modloading-worker-0/INFO] [com.zerog.neoessentials.NeoEssentials/]: Loaded 0 jails
[21Jun2025 13:28:50.637] [modloading-worker-0/INFO] [com.zerog.neoessentials.NeoEssentials/]: Loaded 0 jailed players
[21Jun2025 13:28:50.637] [modloading-worker-0/INFO] [com.zerog.neoessentials.NeoEssentials/]: Loaded powertool data for 0 players
[21Jun2025 13:28:50.639] [modloading-worker-0/INFO] [com.zerog.neoessentials.NeoEssentials/]: Loaded mail data for 0 players
[21Jun2025 13:28:50.639] [modloading-worker-0/INFO] [com.zerog.neoessentials.NeoEssentials/]: Initializing NeoEssentials Data Manager
[21Jun2025 13:28:50.639] [modloading-worker-0/INFO] [com.zerog.neoessentials.NeoEssentials/]: Initializing NeoEssentials User Manager
[21Jun2025 13:28:50.640] [modloading-worker-0/INFO] [com.zerog.neoessentials.NeoEssentials/]: Initializing NeoEssentials Economy Manager
[21Jun2025 13:28:50.640] [modloading-worker-0/INFO] [com.zerog.neoessentials.NeoEssentials/]: No existing economy data found, starting fresh
[21Jun2025 13:28:50.640] [modloading-worker-0/INFO] [com.zerog.neoessentials.NeoEssentials/]: No existing transaction history found
[21Jun2025 13:28:50.640] [modloading-worker-0/INFO] [com.zerog.neoessentials.NeoEssentials/]: Initializing NeoEssentials Home Manager
[21Jun2025 13:28:50.640] [modloading-worker-0/INFO] [com.zerog.neoessentials.NeoEssentials/]: Initializing NeoEssentials Warp Manager
[21Jun2025 13:28:50.640] [modloading-worker-0/WARN] [com.zerog.neoessentials.NeoEssentials/]: Storage manager not available yet, warps will be loaded when available
[21Jun2025 13:28:50.640] [modloading-worker-0/INFO] [com.zerog.neoessentials.NeoEssentials/]: Initializing NeoEssentials Spawn Manager
[21Jun2025 13:28:50.666] [modloading-worker-0/INFO] [com.zerog.neoessentials.NeoEssentials/]: Initializing NeoEssentials Kit Manager
[21Jun2025 13:28:50.692] [modloading-worker-0/INFO] [com.zerog.neoessentials.NeoEssentials/]: Loaded 0 kits from data file
[21Jun2025 13:28:50.692] [modloading-worker-0/INFO] [com.zerog.neoessentials.NeoEssentials/]: Initializing TablistManager
[21Jun2025 13:28:50.696] [modloading-worker-0/INFO] [com.zerog.neoessentials.NeoEssentials/]: TablistManager update task scheduled every 2000 ms
[21Jun2025 13:28:50.698] [modloading-worker-0/INFO] [com.zerog.neoessentials.NeoEssentials/]: NeoEssentials Data Manager initialized
[21Jun2025 13:28:50.755] [modloading-sync-worker/INFO] [com.zerog.neoessentials.NeoEssentials/]: Registering command argument types in common setup
[21Jun2025 13:28:50.756] [modloading-sync-worker/INFO] [com.zerog.neoessentials.NeoEssentials/]: Initializing vanilla-compatible command arguments
[21Jun2025 13:28:50.758] [modloading-sync-worker/INFO] [com.zerog.neoessentials.NeoEssentials/]: Vanilla-compatible command system configured successfully
[21Jun2025 13:28:50.758] [modloading-sync-worker/INFO] [com.zerog.neoessentials.NeoEssentials/]: Setting up server-only modded environment support
[21Jun2025 13:28:50.962] [main/INFO] [com.mojang.authlib.yggdrasil.YggdrasilAuthenticationService/]: Environment: Environment[sessionHost=https://sessionserver.mojang.com, servicesHost=https://api.minecraftservices.com, name=PROD]
[21Jun2025 13:28:51.155] [main/WARN] [net.minecraft.server.packs.VanillaPackResourcesBuilder/]: Assets URL 'union:/A:/Minecraft%20Mod%20Development/NeoEssentials/build/moddev/artifacts/neoforge-21.1.179.jar%23125!/assets/.mcassetsroot' uses unexpected schema
[21Jun2025 13:28:51.155] [main/WARN] [net.minecraft.server.packs.VanillaPackResourcesBuilder/]: Assets URL 'union:/A:/Minecraft%20Mod%20Development/NeoEssentials/build/moddev/artifacts/neoforge-21.1.179.jar%23125!/data/.mcassetsroot' uses unexpected schema
[21Jun2025 13:28:53.537] [Worker-Main-2/INFO] [com.zerog.neoessentials.NeoEssentials/]: Registering NeoEssentials commands
[21Jun2025 13:28:53.555] [Worker-Main-2/INFO] [com.zerog.neoessentials.NeoEssentials/]: Registered teleport commands
[21Jun2025 13:28:53.555] [Worker-Main-2/INFO] [com.zerog.neoessentials.NeoEssentials/]: Registered teleport commands
[21Jun2025 13:28:53.559] [Worker-Main-2/INFO] [com.zerog.neoessentials.NeoEssentials/]: Registered home commands
[21Jun2025 13:28:53.559] [Worker-Main-2/INFO] [com.zerog.neoessentials.NeoEssentials/]: Registered home commands
[21Jun2025 13:28:53.591] [Worker-Main-2/INFO] [com.zerog.neoessentials.NeoEssentials/]: Registered economy commands
[21Jun2025 13:28:53.591] [Worker-Main-2/INFO] [com.zerog.neoessentials.NeoEssentials/]: Registered economy commands
[21Jun2025 13:28:53.596] [Worker-Main-2/INFO] [com.zerog.neoessentials.NeoEssentials/]: Registered user commands
[21Jun2025 13:28:53.596] [Worker-Main-2/INFO] [com.zerog.neoessentials.NeoEssentials/]: Registered user commands
[21Jun2025 13:28:53.596] [Worker-Main-2/INFO] [com.zerog.neoessentials.NeoEssentials/]: Registering warp commands
[21Jun2025 13:28:53.599] [Worker-Main-2/INFO] [com.zerog.neoessentials.NeoEssentials/]: Warp commands registered successfully
[21Jun2025 13:28:53.599] [Worker-Main-2/INFO] [com.zerog.neoessentials.NeoEssentials/]: Registered warp commands
[21Jun2025 13:28:53.599] [Worker-Main-2/INFO] [com.zerog.neoessentials.NeoEssentials/]: Registering kit commands
[21Jun2025 13:28:53.602] [Worker-Main-2/INFO] [com.zerog.neoessentials.NeoEssentials/]: Kit commands registered successfully
[21Jun2025 13:28:53.602] [Worker-Main-2/INFO] [com.zerog.neoessentials.NeoEssentials/]: Registered kit commands
[21Jun2025 13:28:53.607] [Worker-Main-2/INFO] [com.zerog.neoessentials.NeoEssentials/]: Registered time and weather commands
[21Jun2025 13:28:53.611] [Worker-Main-2/INFO] [com.zerog.neoessentials.NeoEssentials/]: Registered inventory commands
[21Jun2025 13:28:53.613] [Worker-Main-2/INFO] [com.zerog.neoessentials.NeoEssentials/]: Registered inventory commands
[21Jun2025 13:28:53.619] [Worker-Main-2/INFO] [com.zerog.neoessentials.NeoEssentials/]: Registered enhanced player commands
[21Jun2025 13:28:53.619] [Worker-Main-2/INFO] [com.zerog.neoessentials.NeoEssentials/]: Registered player commands
[21Jun2025 13:28:53.639] [Worker-Main-2/INFO] [com.zerog.neoessentials.NeoEssentials/]: Registered message commands
[21Jun2025 13:28:53.649] [Worker-Main-2/INFO] [com.zerog.neoessentials.NeoEssentials/]: Registered enhanced moderator commands
[21Jun2025 13:28:53.650] [Worker-Main-2/INFO] [com.zerog.neoessentials.NeoEssentials/]: Registered moderator commands
[21Jun2025 13:28:53.656] [Worker-Main-2/INFO] [com.zerog.neoessentials.NeoEssentials/]: Registered AFK commands
[21Jun2025 13:28:53.659] [Worker-Main-2/INFO] [com.zerog.neoessentials.NeoEssentials/]: Registered utility commands
[21Jun2025 13:28:53.665] [Worker-Main-2/INFO] [com.zerog.neoessentials.NeoEssentials/]: Registered UI commands
[21Jun2025 13:28:53.672] [Worker-Main-2/INFO] [com.zerog.neoessentials.NeoEssentials/]: Registered jail commands
[21Jun2025 13:28:53.677] [Worker-Main-2/INFO] [com.zerog.neoessentials.NeoEssentials/]: Registered powertool commands
[21Jun2025 13:28:53.681] [Worker-Main-2/INFO] [com.zerog.neoessentials.NeoEssentials/]: Registered mail commands
[21Jun2025 13:28:53.706] [Worker-Main-2/INFO] [com.zerog.neoessentials.NeoEssentials/]: Registered admin panel commands
[21Jun2025 13:28:53.708] [Worker-Main-2/INFO] [com.zerog.neoessentials.NeoEssentials/]: Skipping ItemCommands registration due to CommandBuildContext requirements
[21Jun2025 13:28:53.745] [Worker-Main-2/INFO] [com.zerog.neoessentials.NeoEssentials/]: Registered item commands
[21Jun2025 13:28:54.494] [main/INFO] [net.minecraft.world.item.crafting.RecipeManager/]: Loaded 1290 recipes
[21Jun2025 13:28:55.083] [main/INFO] [net.minecraft.advancements.AdvancementTree/]: Loaded 1399 advancements
[21Jun2025 13:28:55.762] [Server thread/INFO] [net.minecraft.server.dedicated.DedicatedServer/]: Starting minecraft server version 1.21.1
[21Jun2025 13:28:55.762] [Server thread/INFO] [net.minecraft.server.dedicated.DedicatedServer/]: Loading properties
[21Jun2025 13:28:55.762] [Server thread/INFO] [net.minecraft.server.dedicated.DedicatedServer/]: Default game type: SURVIVAL
[21Jun2025 13:28:55.762] [Server thread/INFO] [net.minecraft.server.MinecraftServer/]: Generating keypair
[21Jun2025 13:28:55.857] [Server thread/INFO] [net.minecraft.server.dedicated.DedicatedServer/]: Starting Minecraft server on *:25565
[21Jun2025 13:28:55.980] [Server thread/INFO] [net.minecraft.server.network.ServerConnectionListener/]: Using default channel type
[21Jun2025 13:28:56.038] [Server thread/WARN] [net.minecraft.server.dedicated.DedicatedServer/]: **** SERVER IS RUNNING IN OFFLINE/INSECURE MODE!
[21Jun2025 13:28:56.038] [Server thread/WARN] [net.minecraft.server.dedicated.DedicatedServer/]: The server will make no attempt to authenticate usernames. Beware.
[21Jun2025 13:28:56.038] [Server thread/WARN] [net.minecraft.server.dedicated.DedicatedServer/]: While this makes the game possible to play without internet access, it also opens up the ability for hackers to connect with any username they choose.
[21Jun2025 13:28:56.038] [Server thread/WARN] [net.minecraft.server.dedicated.DedicatedServer/]: To change this, set "online-mode" to "true" in the server.properties file.
[21Jun2025 13:28:56.123] [Server thread/INFO] [net.minecraft.server.dedicated.DedicatedServer/]: Preparing level "world"
[21Jun2025 13:28:57.580] [Server thread/INFO] [net.minecraft.server.MinecraftServer/]: Preparing start region for dimension minecraft:overworld
[21Jun2025 13:28:58.483] [worldgen/INFO] [net.minecraft.server.level.progress.LoggerChunkProgressListener/]: Preparing spawn area: 0%
[21Jun2025 13:28:58.486] [worldgen/INFO] [net.minecraft.server.level.progress.LoggerChunkProgressListener/]: Preparing spawn area: 0%
[21Jun2025 13:28:58.585] [worldgen/INFO] [net.minecraft.server.level.progress.LoggerChunkProgressListener/]: Preparing spawn area: 95%
[21Jun2025 13:28:58.739] [Server thread/INFO] [net.minecraft.server.level.progress.LoggerChunkProgressListener/]: Time elapsed: 1159 ms
[21Jun2025 13:28:58.739] [Server thread/INFO] [net.minecraft.server.dedicated.DedicatedServer/]: Done (2.676s)! For help, type "help"
[21Jun2025 13:28:58.818] [Server thread/INFO] [net.neoforged.neoforge.gametest.GameTestHooks/]: Enabled Gametest Namespaces: [neoessentials]
[21Jun2025 13:28:58.835] [Server thread/INFO] [net.neoforged.neoforge.server.permission.PermissionAPI/]: Successfully initialized permission handler neoforge:default_handler
[21Jun2025 13:28:58.836] [Server thread/INFO] [com.zerog.neoessentials.NeoEssentials/]: NeoEssentials server-side mod activated!
[21Jun2025 13:28:58.836] [Server thread/INFO] [com.zerog.neoessentials.NeoEssentials/]: Version: 1.0.0 for Minecraft 1.21.1
[21Jun2025 13:29:06.201] [Server thread/INFO] [net.minecraft.server.players.PlayerList/]: MrWhiteFlamesYT[/[::1]:43857] logged in with entity id 107 at (2.728629007939923, 68.36938855736308, -14.30125602801379)
[21Jun2025 13:29:06.379] [Server thread/INFO] [net.minecraft.server.MinecraftServer/]: MrWhiteFlamesYT 100.00 joined the game
[21Jun2025 13:29:06.464] [Server thread/INFO] [com.zerog.neoessentials.NeoEssentials/]: Player logged in: MrWhiteFlamesYT
